../startup/startup_mkl46z4.c:383:14:NMI_Handler	0	static
../startup/startup_mkl46z4.c:387:14:HardFault_Handler	0	static
../startup/startup_mkl46z4.c:391:14:SVC_Handler	0	static
../startup/startup_mkl46z4.c:395:14:PendSV_Handler	0	static
../startup/startup_mkl46z4.c:399:14:SysTick_Handler	0	static
../startup/startup_mkl46z4.c:266:6:data_init	8	static
../startup/startup_mkl46z4.c:275:6:bss_init	0	static
../startup/startup_mkl46z4.c:300:6:ResetISR	8	static
../startup/startup_mkl46z4.c:407:14:IntDefaultHandler	0	static
../startup/startup_mkl46z4.c:417:14:DMA0_IRQHandler	8	static
../startup/startup_mkl46z4.c:421:14:DMA1_IRQHandler	8	static
../startup/startup_mkl46z4.c:425:14:DMA2_IRQHandler	8	static
../startup/startup_mkl46z4.c:429:14:DMA3_IRQHandler	8	static
../startup/startup_mkl46z4.c:433:14:Reserved20_IRQHandler	8	static
../startup/startup_mkl46z4.c:437:14:FTFA_IRQHandler	8	static
../startup/startup_mkl46z4.c:441:14:LVD_LVW_IRQHandler	8	static
../startup/startup_mkl46z4.c:445:14:LLWU_IRQHandler	8	static
../startup/startup_mkl46z4.c:449:14:I2C0_IRQHandler	8	static
../startup/startup_mkl46z4.c:453:14:I2C1_IRQHandler	8	static
../startup/startup_mkl46z4.c:457:14:SPI0_IRQHandler	8	static
../startup/startup_mkl46z4.c:461:14:SPI1_IRQHandler	8	static
../startup/startup_mkl46z4.c:465:14:UART0_IRQHandler	8	static
../startup/startup_mkl46z4.c:469:14:UART1_IRQHandler	8	static
../startup/startup_mkl46z4.c:473:14:UART2_IRQHandler	8	static
../startup/startup_mkl46z4.c:477:14:ADC0_IRQHandler	8	static
../startup/startup_mkl46z4.c:481:14:CMP0_IRQHandler	8	static
../startup/startup_mkl46z4.c:485:14:TPM0_IRQHandler	8	static
../startup/startup_mkl46z4.c:489:14:TPM1_IRQHandler	8	static
../startup/startup_mkl46z4.c:493:14:TPM2_IRQHandler	8	static
../startup/startup_mkl46z4.c:497:14:RTC_IRQHandler	8	static
../startup/startup_mkl46z4.c:501:14:RTC_Seconds_IRQHandler	8	static
../startup/startup_mkl46z4.c:505:14:PIT_IRQHandler	8	static
../startup/startup_mkl46z4.c:509:14:I2S0_IRQHandler	8	static
../startup/startup_mkl46z4.c:513:14:USB0_IRQHandler	8	static
../startup/startup_mkl46z4.c:517:14:DAC0_IRQHandler	8	static
../startup/startup_mkl46z4.c:521:14:TSI0_IRQHandler	8	static
../startup/startup_mkl46z4.c:525:14:MCG_IRQHandler	8	static
../startup/startup_mkl46z4.c:529:14:LPTMR0_IRQHandler	8	static
../startup/startup_mkl46z4.c:533:14:LCD_IRQHandler	8	static
../startup/startup_mkl46z4.c:537:14:PORTA_IRQHandler	8	static
../startup/startup_mkl46z4.c:541:14:PORTC_PORTD_IRQHandler	8	static
