Archive member included to satisfy reference by file (symbol)

c:/nxp/mcuxpressoide_11.6.1_8255/ide/plugins/com.nxp.mcuxpresso.tools.win32_11.6.1.202207200623/tools/bin/../lib/gcc/arm-none-eabi/10.3.1/../../../../arm-none-eabi/lib/thumb/v6-m/nofp\libcr_nohost_nf.a(_cr__main.o)
                              ./startup/startup_mkl46z4.o (__main)
c:/nxp/mcuxpressoide_11.6.1_8255/ide/plugins/com.nxp.mcuxpresso.tools.win32_11.6.1.202207200623/tools/bin/../lib/gcc/arm-none-eabi/10.3.1/../../../../arm-none-eabi/lib/thumb/v6-m/nofp\libcr_nohost_nf.a(_cr_assert.o)
                              ./utilities/fsl_debug_console.o (__assertion_failed)
c:/nxp/mcuxpressoide_11.6.1_8255/ide/plugins/com.nxp.mcuxpresso.tools.win32_11.6.1.202207200623/tools/bin/../lib/gcc/arm-none-eabi/10.3.1/../../../../arm-none-eabi/lib/thumb/v6-m/nofp\libcr_nohost_nf.a(__ciob.o)
                              c:/nxp/mcuxpressoide_11.6.1_8255/ide/plugins/com.nxp.mcuxpresso.tools.win32_11.6.1.202207200623/tools/bin/../lib/gcc/arm-none-eabi/10.3.1/../../../../arm-none-eabi/lib/thumb/v6-m/nofp\libcr_nohost_nf.a(_cr_assert.o) (__Ciob)
c:/nxp/mcuxpressoide_11.6.1_8255/ide/plugins/com.nxp.mcuxpresso.tools.win32_11.6.1.202207200623/tools/bin/../lib/gcc/arm-none-eabi/10.3.1/../../../../arm-none-eabi/lib/thumb/v6-m/nofp\libcr_nohost_nf.a(__sys_appexit.o)
                              c:/nxp/mcuxpressoide_11.6.1_8255/ide/plugins/com.nxp.mcuxpresso.tools.win32_11.6.1.202207200623/tools/bin/../lib/gcc/arm-none-eabi/10.3.1/../../../../arm-none-eabi/lib/thumb/v6-m/nofp\libcr_nohost_nf.a(_cr_assert.o) (__sys_appexit)
c:/nxp/mcuxpressoide_11.6.1_8255/ide/plugins/com.nxp.mcuxpresso.tools.win32_11.6.1.202207200623/tools/bin/../lib/gcc/arm-none-eabi/10.3.1/../../../../arm-none-eabi/lib/thumb/v6-m/nofp\libcr_c.a(memcpy.o)
                              ./drivers/fsl_ftfx_cache.o (memcpy)
c:/nxp/mcuxpressoide_11.6.1_8255/ide/plugins/com.nxp.mcuxpresso.tools.win32_11.6.1.202207200623/tools/bin/../lib/gcc/arm-none-eabi/10.3.1/../../../../arm-none-eabi/lib/thumb/v6-m/nofp\libcr_c.a(memset.o)
                              ./utilities/fsl_debug_console.o (memset)
c:/nxp/mcuxpressoide_11.6.1_8255/ide/plugins/com.nxp.mcuxpresso.tools.win32_11.6.1.202207200623/tools/bin/../lib/gcc/arm-none-eabi/10.3.1/../../../../arm-none-eabi/lib/thumb/v6-m/nofp\libcr_c.a(_deferredlazyseek.o)
                              c:/nxp/mcuxpressoide_11.6.1_8255/ide/plugins/com.nxp.mcuxpresso.tools.win32_11.6.1.202207200623/tools/bin/../lib/gcc/arm-none-eabi/10.3.1/../../../../arm-none-eabi/lib/thumb/v6-m/nofp\libcr_nohost_nf.a(_cr_assert.o) (__flsbuf)
c:/nxp/mcuxpressoide_11.6.1_8255/ide/plugins/com.nxp.mcuxpresso.tools.win32_11.6.1.202207200623/tools/bin/../lib/gcc/arm-none-eabi/10.3.1/../../../../arm-none-eabi/lib/thumb/v6-m/nofp\libcr_c.a(_fflush.o)
                              c:/nxp/mcuxpressoide_11.6.1_8255/ide/plugins/com.nxp.mcuxpresso.tools.win32_11.6.1.202207200623/tools/bin/../lib/gcc/arm-none-eabi/10.3.1/../../../../arm-none-eabi/lib/thumb/v6-m/nofp\libcr_c.a(_deferredlazyseek.o) (_fflush)
c:/nxp/mcuxpressoide_11.6.1_8255/ide/plugins/com.nxp.mcuxpresso.tools.win32_11.6.1.202207200623/tools/bin/../lib/gcc/arm-none-eabi/10.3.1/../../../../arm-none-eabi/lib/thumb/v6-m/nofp\libcr_c.a(_writebuf.o)
                              c:/nxp/mcuxpressoide_11.6.1_8255/ide/plugins/com.nxp.mcuxpresso.tools.win32_11.6.1.202207200623/tools/bin/../lib/gcc/arm-none-eabi/10.3.1/../../../../arm-none-eabi/lib/thumb/v6-m/nofp\libcr_c.a(_deferredlazyseek.o) (_Cwritebuf)
c:/nxp/mcuxpressoide_11.6.1_8255/ide/plugins/com.nxp.mcuxpresso.tools.win32_11.6.1.202207200623/tools/bin/../lib/gcc/arm-none-eabi/10.3.1/../../../../arm-none-eabi/lib/thumb/v6-m/nofp\libcr_c.a(alloc.o)
                              ./drivers/fsl_common.o (malloc)
c:/nxp/mcuxpressoide_11.6.1_8255/ide/plugins/com.nxp.mcuxpresso.tools.win32_11.6.1.202207200623/tools/bin/../lib/gcc/arm-none-eabi/10.3.1/../../../../arm-none-eabi/lib/thumb/v6-m/nofp\libcr_c.a(fputs.o)
                              c:/nxp/mcuxpressoide_11.6.1_8255/ide/plugins/com.nxp.mcuxpresso.tools.win32_11.6.1.202207200623/tools/bin/../lib/gcc/arm-none-eabi/10.3.1/../../../../arm-none-eabi/lib/thumb/v6-m/nofp\libcr_nohost_nf.a(_cr_assert.o) (fputs)
c:/nxp/mcuxpressoide_11.6.1_8255/ide/plugins/com.nxp.mcuxpresso.tools.win32_11.6.1.202207200623/tools/bin/../lib/gcc/arm-none-eabi/10.3.1/../../../../arm-none-eabi/lib/thumb/v6-m/nofp\libcr_c.a(fseek.o)
                              c:/nxp/mcuxpressoide_11.6.1_8255/ide/plugins/com.nxp.mcuxpresso.tools.win32_11.6.1.202207200623/tools/bin/../lib/gcc/arm-none-eabi/10.3.1/../../../../arm-none-eabi/lib/thumb/v6-m/nofp\libcr_c.a(_deferredlazyseek.o) (fseek)
c:/nxp/mcuxpressoide_11.6.1_8255/ide/plugins/com.nxp.mcuxpresso.tools.win32_11.6.1.202207200623/tools/bin/../lib/gcc/arm-none-eabi/10.3.1/../../../../arm-none-eabi/lib/thumb/v6-m/nofp\libcr_c.a(ftell.o)
[...]
Memory Configuration

Name             Origin             Length             Attributes
PROGRAM_FLASH    0x00000000         0x00040000         xr
SRAM             0x1fffe000         0x00008000         xrw
*default*        0x00000000         0xffffffff

Linker script and memory map

LOAD ./utilities/fsl_debug_console.o
LOAD ./utilities/fsl_io.o
LOAD ./utilities/fsl_log.o
LOAD ./utilities/fsl_str.o
LOAD ./startup/startup_mkl46z4.o
LOAD ./source/DETAUTOS.o
LOAD ./source/DETPULSADOR.o
LOAD ./source/SD2_board.o
LOAD ./source/TP1_DIGITALES 2.o
LOAD ./source/TRANSICIONES.o
LOAD ./source/key.o
LOAD ./source/mefACUM.o
LOAD ./source/mefCRUCE.o
LOAD ./source/mefMODO.o
LOAD ./source/mefRUTA.o
LOAD ./source/mefSEC.o
LOAD ./source/mtb.o
LOAD ./source/semihost_hardfault.o
LOAD ./drivers/fsl_clock.o
LOAD ./drivers/fsl_common.o
LOAD ./drivers/fsl_ftfx_cache.o
LOAD ./drivers/fsl_ftfx_controller.o
LOAD ./drivers/fsl_ftfx_flash.o
LOAD ./drivers/fsl_ftfx_flexnvm.o
LOAD ./drivers/fsl_gpio.o
LOAD ./drivers/fsl_i2c.o
LOAD ./drivers/fsl_lpsci.o
LOAD ./drivers/fsl_smc.o
LOAD ./drivers/fsl_uart.o
LOAD ./board/board.o
LOAD ./board/clock_config.o
LOAD ./board/peripherals.o
LOAD ./board/pin_mux.o
LOAD ./CMSIS/system_MKL46Z4.o
START GROUP
LOAD c:/nxp/mcuxpressoide_11.6.1_8255/ide/plugins/com.nxp.mcuxpresso.tools.win32_11.6.1.202207200623/tools/bin/../lib/gcc/arm-none-eabi/10.3.1/../../../../arm-none-eabi/lib/thumb/v6-m/nofp\libcr_nohost_nf.a
LOAD c:/nxp/mcuxpressoide_11.6.1_8255/ide/plugins/com.nxp.mcuxpresso.tools.win32_11.6.1.202207200623/tools/bin/../lib/gcc/arm-none-eabi/10.3.1/../../../../arm-none-eabi/lib/thumb/v6-m/nofp\libcr_c.a
LOAD c:/nxp/mcuxpressoide_11.6.1_8255/ide/plugins/com.nxp.mcuxpresso.tools.win32_11.6.1.202207200623/tools/bin/../lib/gcc/arm-none-eabi/10.3.1/thumb/v6-m/nofp\libcr_eabihelpers.a
LOAD c:/nxp/mcuxpressoide_11.6.1_8255/ide/plugins/com.nxp.mcuxpresso.tools.win32_11.6.1.202207200623/tools/bin/../lib/gcc/arm-none-eabi/10.3.1/thumb/v6-m/nofp\libgcc.a
END GROUP
                0x00000000                __base_PROGRAM_FLASH = 0x0
                0x00000000                __base_Flash = 0x0
                0x00040000                __top_PROGRAM_FLASH = 0x40000
                0x00040000                __top_Flash = 0x40000
                0x1fffe000                __base_SRAM = 0x1fffe000
                0x1fffe000                __base_RAM = 0x1fffe000
                0x20006000                __top_SRAM = 0x20006000
                0x20006000                __top_RAM = 0x20006000

.text           0x00000000     0x1fa8
 FILL mask 0xff
                0x00000000                __vectors_start__ = ABSOLUTE (.)
 *(SORT_BY_ALIGNMENT(.isr_vector))
 .isr_vector    0x00000000       0xc0 ./startup/startup_mkl46z4.o
                0x00000000                g_pfnVectors
                0x00000000                __Vectors
                0x000000c0                . = ALIGN (0x4)
                0x000000c0                __section_table_start = .
                0x000000c0                __data_section_table = .
                0x000000c0        0x4 LONG 0x1fa8 LOADADDR (.data)
                0x000000c4        0x4 LONG 0x1fffe080 ADDR (.data)
                0x000000c8        0x4 LONG 0x8 SIZEOF (.data)
                0x000000cc                __data_section_table_end = .
                0x000000cc                __bss_section_table = .
                0x000000cc        0x4 LONG 0x1fffe088 ADDR (.bss)
                0x000000d0        0x4 LONG 0x12c SIZEOF (.bss)
                0x000000d4                __bss_section_table_end = .
                0x000000d4                __section_table_end = .
 *(SORT_BY_ALIGNMENT(.after_vectors*))
 .after_vectors.reset
                0x000000d4       0x4c ./startup/startup_mkl46z4.o
                0x000000d4                ResetISR
 .after_vectors
                0x00000120      0x10c ./startup/startup_mkl46z4.o
                0x00000120                NMI_Handler
                0x00000124                SVC_Handler
                0x00000126                PendSV_Handler
                0x0000012a                LPTMR0_DriverIRQHandler
                0x0000012a                PORTC_PORTD_DriverIRQHandler
                0x0000012a                SPI1_DriverIRQHandler
                0x0000012a                DMA0_DriverIRQHandler
                0x0000012a                DMA2_DriverIRQHandler
                0x0000012a                CMP0_DriverIRQHandler
                0x0000012a                ADC0_DriverIRQHandler
                0x0000012a                I2S0_DriverIRQHandler
                0x0000012a                SPI0_DriverIRQHandler
                0x0000012a                TPM0_DriverIRQHandler
                0x0000012a                TPM2_DriverIRQHandler
                0x0000012a                DMA1_DriverIRQHandler
                0x0000012a                PIT_DriverIRQHandler
                0x0000012a                LCD_DriverIRQHandler
                0x0000012a                TSI0_DriverIRQHandler
                0x0000012a                RTC_Seconds_DriverIRQHandler
                0x0000012a                RTC_DriverIRQHandler
                0x0000012a                TPM1_DriverIRQHandler
                0x0000012a                LLWU_DriverIRQHandler
                0x0000012a                MCG_DriverIRQHandler
                0x0000012a                PORTA_DriverIRQHandler
                0x0000012a                DMA3_DriverIRQHandler
                0x0000012a                FTFA_DriverIRQHandler
                0x0000012a                IntDefaultHandler
                0x0000012a                USB0_DriverIRQHandler
                0x0000012a                DAC0_DriverIRQHandler
                0x0000012a                LVD_LVW_DriverIRQHandler
                0x0000012a                Reserved20_DriverIRQHandler
                0x0000012c                DMA0_IRQHandler
                0x00000134                DMA1_IRQHandler
                0x0000013c                DMA2_IRQHandler
                0x00000144                DMA3_IRQHandler
                0x0000014c                Reserved20_IRQHandler
                0x00000154                FTFA_IRQHandler
                0x0000015c                LVD_LVW_IRQHandler
                0x00000164                LLWU_IRQHandler
                0x0000016c                I2C0_IRQHandler
                0x00000174                I2C1_IRQHandler
                0x0000017c                SPI0_IRQHandler
                0x00000184                SPI1_IRQHandler
                0x0000018c                UART0_IRQHandler
                0x00000194                UART1_IRQHandler
                0x0000019c                UART2_IRQHandler
                0x000001a4                ADC0_IRQHandler
                0x000001ac                CMP0_IRQHandler
                0x000001b4                TPM0_IRQHandler
                0x000001bc                TPM1_IRQHandler
                0x000001c4                TPM2_IRQHandler
                0x000001cc                RTC_IRQHandler
                0x000001d4                RTC_Seconds_IRQHandler
                0x000001dc                PIT_IRQHandler
                0x000001e4                I2S0_IRQHandler
                0x000001ec                USB0_IRQHandler
                0x000001f4                DAC0_IRQHandler
                0x000001fc                TSI0_IRQHandler
                0x00000204                MCG_IRQHandler
                0x0000020c                LPTMR0_IRQHandler
                0x00000214                LCD_IRQHandler
                0x0000021c                PORTA_IRQHandler
                0x00000224                PORTC_PORTD_IRQHandler
 .after_vectors.init_data
                0x0000022c       0x12 ./startup/startup_mkl46z4.o
                0x0000022c                data_init
 .after_vectors.init_bss
                0x0000023e       0x10 ./startup/startup_mkl46z4.o
                0x0000023e                bss_init
                0x00000400                . = 0x400
 *fill*         0x0000024e      0x1b2 ff
                0x00000400                PROVIDE (__FLASH_CONFIG_START__ = .)
 *(SORT_BY_ALIGNMENT(.FlashConfig))
 .FlashConfig   0x00000400       0x10 ./startup/startup_mkl46z4.o
                0x00000400                Flash_Config
                0x00000410                PROVIDE (__FLASH_CONFIG_END__ = .)
                0x00000001                ASSERT (! ((__FLASH_CONFIG_START__ == __FLASH_CONFIG_END__)), Linker Flash Config Support Enabled, but no .FlashConfig section provided within application)
 *(SORT_BY_ALIGNMENT(.text*))
 .text.DbgConsole_Init
                0x00000410       0x1c ./utilities/fsl_debug_console.o
                0x00000410                DbgConsole_Init
 .text.IO_Init  0x0000042c       0x8c ./utilities/fsl_io.o
                0x0000042c                IO_Init
 .text.detautos_inc
                0x000004b8       0x1c ./source/DETAUTOS.o
                0x000004b8                detautos_inc
 .text.detautos_getTotal
                0x000004d4        0xc ./source/DETAUTOS.o
                0x000004d4                detautos_getTotal
 .text.detautos_dec
                0x000004e0       0x1c ./source/DETAUTOS.o
                0x000004e0                detautos_dec
 .text.detpulsador_reset
                0x000004fc       0x14 ./source/DETPULSADOR.o
                0x000004fc                detpulsador_reset
 .text.detpulsador_getPress
                0x00000510       0x24 ./source/DETPULSADOR.o
                0x00000510                detpulsador_getPress
 .text.board_init
                0x00000534       0xb4 ./source/SD2_board.o
                0x00000534                board_init
 .text.board_setLed
                0x000005e8       0x68 ./source/SD2_board.o
                0x000005e8                board_setLed
 .text.board_getSw
                0x00000650       0x2c ./source/SD2_board.o
                0x00000650                board_getSw
 .text.main     0x0000067c       0x58 ./source/TP1_DIGITALES 2.o
                0x0000067c                main
 .text.trans_reset
                0x000006d4        0xc ./source/TRANSICIONES.o
                0x000006d4                trans_reset
 .text.trans_setSalida
                0x000006e0        0xc ./source/TRANSICIONES.o
                0x000006e0                trans_setSalida
 .text.trans_getSalida
                0x000006ec        0xc ./source/TRANSICIONES.o
                0x000006ec                trans_getSalida
 .text.key_init
                0x000006f8       0x20 ./source/key.o
                0x000006f8                key_init
 .text.key_getPressEv
                0x00000718       0x14 ./source/key.o
                0x00000718                key_getPressEv
 .text.key_periodicTask1ms
                0x0000072c       0x50 ./source/key.o
                0x0000072c                key_periodicTask1ms
 .text.mefAcum_reset
                0x0000077c       0x24 ./source/mefACUM.o
                0x0000077c                mefAcum_reset
 .text.mefAcum  0x000007a0      0x124 ./source/mefACUM.o
                0x000007a0                mefAcum
 .text.mefAcum_task1ms
                0x000008c4       0x54 ./source/mefACUM.o
                0x000008c4                mefAcum_task1ms
 .text.mefCruce_reset
                0x00000918       0x2c ./source/mefCRUCE.o
                0x00000918                mefCruce_reset
 .text.mefCruce
                0x00000944      0x100 ./source/mefCRUCE.o
                0x00000944                mefCruce
 .text.mefCruce_task1ms
                0x00000a44       0x6c ./source/mefCRUCE.o
                0x00000a44                mefCruce_task1ms
 .text.mefModo_init
                0x00000ab0       0x24 ./source/mefMODO.o
                0x00000ab0                mefModo_init
 .text.mefModo  0x00000ad4       0xa4 ./source/mefMODO.o
                0x00000ad4                mefModo
 .text.mefModo_task1ms
                0x00000b78       0x40 ./source/mefMODO.o
                0x00000b78                mefModo_task1ms
 .text.mefRuta_reset
                0x00000bb8       0x20 ./source/mefRUTA.o
                0x00000bb8                mefRuta_reset
 .text.mefRuta  0x00000bd8       0xd8 ./source/mefRUTA.o
                0x00000bd8                mefRuta
 .text.mefRuta_task1ms
                0x00000cb0       0x4c ./source/mefRUTA.o
                0x00000cb0                mefRuta_task1ms
 .text.mefSec_reset
                0x00000cfc       0x1c ./source/mefSEC.o
                0x00000cfc                mefSec_reset
 .text.mefSec   0x00000d18       0xa8 ./source/mefSEC.o
                0x00000d18                mefSec
 .text.mefSec_task1ms
                0x00000dc0       0x4c ./source/mefSEC.o
                0x00000dc0                mefSec_task1ms
 .text.HardFault_Handler
                0x00000e0c       0x2c ./source/semihost_hardfault.o
                0x00000e0c                HardFault_Handler
 .text.CLOCK_GetMcgExtClkFreq
                0x00000e38       0x1c ./drivers/fsl_clock.o
 .text.CLOCK_GetFllExtRefClkFreq
                0x00000e54       0x4c ./drivers/fsl_clock.o
 .text.CLOCK_GetFllRefClkFreq
                0x00000ea0       0x20 ./drivers/fsl_clock.o
 .text.CLOCK_GetFllFreq
                0x00000ec0       0x48 ./drivers/fsl_clock.o
                0x00000ec0                CLOCK_GetFllFreq
 .text.CLOCK_GetPll0Freq
                0x00000f08       0x3c ./drivers/fsl_clock.o
                0x00000f08                CLOCK_GetPll0Freq
 .text.CLOCK_GetPllFllSelClkFreq
                0x00000f44       0x34 ./drivers/fsl_clock.o
                0x00000f44                CLOCK_GetPllFllSelClkFreq
 .text.GPIO_PinInit
                0x00000f78       0x44 ./drivers/fsl_gpio.o
                0x00000f78                GPIO_PinInit
 .text.I2C_TransferCommonIRQHandler
                0x00000fbc       0x2c ./drivers/fsl_i2c.o
 .text.I2C0_DriverIRQHandler
                0x00000fe8       0x18 ./drivers/fsl_i2c.o
                0x00000fe8                I2C0_DriverIRQHandler
 .text.I2C1_DriverIRQHandler
                0x00001000       0x18 ./drivers/fsl_i2c.o
                0x00001000                I2C1_DriverIRQHandler
 .text.LPSCI_GetInstance
                0x00001018       0x28 ./drivers/fsl_lpsci.o
                0x00001018                LPSCI_GetInstance
 .text.LPSCI_Init
                0x00001040      0x170 ./drivers/fsl_lpsci.o
                0x00001040                LPSCI_Init
 .text.LPSCI_GetDefaultConfig
                0x000011b0       0x24 ./drivers/fsl_lpsci.o
                0x000011b0                LPSCI_GetDefaultConfig
 .text.UART0_DriverIRQHandler
                0x000011d4       0x1c ./drivers/fsl_lpsci.o
                0x000011d4                UART0_DriverIRQHandler
 .text.UART_GetInstance
                0x000011f0       0x2c ./drivers/fsl_uart.o
                0x000011f0                UART_GetInstance
 .text.UART_Init
                0x0000121c      0x11c ./drivers/fsl_uart.o
                0x0000121c                UART_Init
 .text.UART_GetDefaultConfig
                0x00001338       0x24 ./drivers/fsl_uart.o
                0x00001338                UART_GetDefaultConfig
 .text.UART1_DriverIRQHandler
                0x0000135c       0x1c ./drivers/fsl_uart.o
                0x0000135c                UART1_DriverIRQHandler
 .text.UART2_DriverIRQHandler
                0x00001378       0x1c ./drivers/fsl_uart.o
                0x00001378                UART2_DriverIRQHandler
 .text.BOARD_InitDebugConsole
                0x00001394       0x38 ./board/board.o
                0x00001394                BOARD_InitDebugConsole
 .text.SystemInit
                0x000013cc       0x18 ./CMSIS/system_MKL46Z4.o
                0x000013cc                SystemInit
 .text.__assertion_failed
                0x000013e4       0x4c c:/nxp/mcuxpressoide_11.6.1_8255/ide/plugins/com.nxp.mcuxpresso.tools.win32_11.6.1.202207200623/tools/bin/../lib/gcc/arm-none-eabi/10.3.1/../../../../arm-none-eabi/lib/thumb/v6-m/nofp\libcr_nohost_nf.a(_cr_assert.o)
                0x000013e4                __assertion_failed
 .text._deferredlazyseek
                0x00001430       0x40 c:/nxp/mcuxpressoide_11.6.1_8255/ide/plugins/com.nxp.mcuxpresso.tools.win32_11.6.1.202207200623/tools/bin/../lib/gcc/arm-none-eabi/10.3.1/../../../../arm-none-eabi/lib/thumb/v6-m/nofp\libcr_c.a(_deferredlazyseek.o)
                0x00001430                _deferredlazyseek
 .text.__flsbuf
                0x00001470      0x150 c:/nxp/mcuxpressoide_11.6.1_8255/ide/plugins/com.nxp.mcuxpresso.tools.win32_11.6.1.202207200623/tools/bin/../lib/gcc/arm-none-eabi/10.3.1/../../../../arm-none-eabi/lib/thumb/v6-m/nofp\libcr_c.a(_deferredlazyseek.o)
                0x00001470                __flsbuf
 .text._fflush  0x000015c0       0x60 c:/nxp/mcuxpressoide_11.6.1_8255/ide/plugins/com.nxp.mcuxpresso.tools.win32_11.6.1.202207200623/tools/bin/../lib/gcc/arm-none-eabi/10.3.1/../../../../arm-none-eabi/lib/thumb/v6-m/nofp\libcr_c.a(_fflush.o)
                0x000015c0                _fflush
 .text._Cwritebuf
                0x00001620       0x68 c:/nxp/mcuxpressoide_11.6.1_8255/ide/plugins/com.nxp.mcuxpresso.tools.win32_11.6.1.202207200623/tools/bin/../lib/gcc/arm-none-eabi/10.3.1/../../../../arm-none-eabi/lib/thumb/v6-m/nofp\libcr_c.a(_writebuf.o)
                0x00001620                _Cwritebuf
 .text.malloc   0x00001688       0xcc c:/nxp/mcuxpressoide_11.6.1_8255/ide/plugins/com.nxp.mcuxpresso.tools.win32_11.6.1.202207200623/tools/bin/../lib/gcc/arm-none-eabi/10.3.1/../../../../arm-none-eabi/lib/thumb/v6-m/nofp\libcr_c.a(alloc.o)
                0x00001688                malloc
 .text._Csys_alloc
                0x00001754       0x20 c:/nxp/mcuxpressoide_11.6.1_8255/ide/plugins/com.nxp.mcuxpresso.tools.win32_11.6.1.202207200623/tools/bin/../lib/gcc/arm-none-eabi/10.3.1/../../../../arm-none-eabi/lib/thumb/v6-m/nofp\libcr_c.a(alloc.o)
                0x00001754                _Csys_alloc
 .text.fseek    0x00001774       0xf0 c:/nxp/mcuxpressoide_11.6.1_8255/ide/plugins/com.nxp.mcuxpresso.tools.win32_11.6.1.202207200623/tools/bin/../lib/gcc/arm-none-eabi/10.3.1/../../../../arm-none-eabi/lib/thumb/v6-m/nofp\libcr_c.a(fseek.o)
                0x00001774                fseek
 .text.ftell    0x00001864       0x48 c:/nxp/mcuxpressoide_11.6.1_8255/ide/plugins/com.nxp.mcuxpresso.tools.win32_11.6.1.202207200623/tools/bin/../lib/gcc/arm-none-eabi/10.3.1/../../../../arm-none-eabi/lib/thumb/v6-m/nofp\libcr_c.a(ftell.o)
                0x00001864                ftell
 .text._initio  0x000018ac       0x7c c:/nxp/mcuxpressoide_11.6.1_8255/ide/plugins/com.nxp.mcuxpresso.tools.win32_11.6.1.202207200623/tools/bin/../lib/gcc/arm-none-eabi/10.3.1/../../../../arm-none-eabi/lib/thumb/v6-m/nofp\libcr_c.a(initio.o)
                0x000018ac                _initio
 .text.setvbuf  0x00001928       0x4c c:/nxp/mcuxpressoide_11.6.1_8255/ide/plugins/com.nxp.mcuxpresso.tools.win32_11.6.1.202207200623/tools/bin/../lib/gcc/arm-none-eabi/10.3.1/../../../../arm-none-eabi/lib/thumb/v6-m/nofp\libcr_c.a(setvbuf.o)
                0x00001928                setvbuf
 .text.strlen   0x00001974       0x58 c:/nxp/mcuxpressoide_11.6.1_8255/ide/plugins/com.nxp.mcuxpresso.tools.win32_11.6.1.202207200623/tools/bin/../lib/gcc/arm-none-eabi/10.3.1/../../../../arm-none-eabi/lib/thumb/v6-m/nofp\libcr_c.a(strlen.o)
                0x00001974                strlen
 .text._sbrk    0x000019cc       0x44 c:/nxp/mcuxpressoide_11.6.1_8255/ide/plugins/com.nxp.mcuxpresso.tools.win32_11.6.1.202207200623/tools/bin/../lib/gcc/arm-none-eabi/10.3.1/../../../../arm-none-eabi/lib/thumb/v6-m/nofp\libcr_c.a(_cr_sbrk.o)
                0x000019cc                _sbrk
 .text._fdopen  0x00001a10       0x74 c:/nxp/mcuxpressoide_11.6.1_8255/ide/plugins/com.nxp.mcuxpresso.tools.win32_11.6.1.202207200623/tools/bin/../lib/gcc/arm-none-eabi/10.3.1/../../../../arm-none-eabi/lib/thumb/v6-m/nofp\libcr_c.a(_fdopen.o)
                0x00001a10                _fdopen
 .text.fclose   0x00001a84       0x5c c:/nxp/mcuxpressoide_11.6.1_8255/ide/plugins/com.nxp.mcuxpresso.tools.win32_11.6.1.202207200623/tools/bin/../lib/gcc/arm-none-eabi/10.3.1/../../../../arm-none-eabi/lib/thumb/v6-m/nofp\libcr_c.a(fclose.o)
                0x00001a84                fclose
 .text.fflush   0x00001ae0       0x44 c:/nxp/mcuxpressoide_11.6.1_8255/ide/plugins/com.nxp.mcuxpresso.tools.win32_11.6.1.202207200623/tools/bin/../lib/gcc/arm-none-eabi/10.3.1/../../../../arm-none-eabi/lib/thumb/v6-m/nofp\libcr_c.a(fflush.o)
                0x00001ae0                fflush
 .text.__check_heap_overflow
                0x00001b24       0x18 c:/nxp/mcuxpressoide_11.6.1_8255/ide/plugins/com.nxp.mcuxpresso.tools.win32_11.6.1.202207200623/tools/bin/../lib/gcc/arm-none-eabi/10.3.1/../../../../arm-none-eabi/lib/thumb/v6-m/nofp\libcr_c.a(_cr_check_heap.o)
                0x00001b24                __check_heap_overflow
 .text._do_fflush
                0x00001b3c       0x48 c:/nxp/mcuxpressoide_11.6.1_8255/ide/plugins/com.nxp.mcuxpresso.tools.win32_11.6.1.202207200623/tools/bin/../lib/gcc/arm-none-eabi/10.3.1/../../../../arm-none-eabi/lib/thumb/v6-m/nofp\libcr_c.a(_do_fflush.o)
                0x00001b3c                _do_fflush
 .text.LOG_Init
                0x00001b84       0x1e ./utilities/fsl_log.o
                0x00001b84                LOG_Init
 .text.SysTick_Handler
                0x00001ba2        0xc ./source/TP1_DIGITALES 2.o
                0x00001ba2                SysTick_Handler
 .text.mefAcum_init
                0x00001bae        0x8 ./source/mefACUM.o
                0x00001bae                mefAcum_init
 .text.mefCruce_init
                0x00001bb6        0x8 ./source/mefCRUCE.o
                0x00001bb6                mefCruce_init
 .text.mefRuta_init
                0x00001bbe        0x8 ./source/mefRUTA.o
                0x00001bbe                mefRuta_init
 .text.mefSec_init
                0x00001bc6        0x8 ./source/mefSEC.o
                0x00001bc6                mefSec_init
 .text.CLOCK_GetPll0RefFreq
                0x00001bce        0x8 ./drivers/fsl_clock.o
 .text.SystemInitHook
                0x00001bd6        0x2 ./CMSIS/system_MKL46Z4.o
                0x00001bd6                SystemInitHook
 .text.__main   0x00001bd8        0xc c:/nxp/mcuxpressoide_11.6.1_8255/ide/plugins/com.nxp.mcuxpresso.tools.win32_11.6.1.202207200623/tools/bin/../lib/gcc/arm-none-eabi/10.3.1/../../../../arm-none-eabi/lib/thumb/v6-m/nofp\libcr_nohost_nf.a(_cr__main.o)
                0x00001bd8                __main
 .text.__sys_appexit
                0x00001be4        0x2 c:/nxp/mcuxpressoide_11.6.1_8255/ide/plugins/com.nxp.mcuxpresso.tools.win32_11.6.1.202207200623/tools/bin/../lib/gcc/arm-none-eabi/10.3.1/../../../../arm-none-eabi/lib/thumb/v6-m/nofp\libcr_nohost_nf.a(__sys_appexit.o)
                0x00001be4                __sys_appexit
                0x00001be4                __exit
 .text.memset   0x00001be6        0x8 c:/nxp/mcuxpressoide_11.6.1_8255/ide/plugins/com.nxp.mcuxpresso.tools.win32_11.6.1.202207200623/tools/bin/../lib/gcc/arm-none-eabi/10.3.1/../../../../arm-none-eabi/lib/thumb/v6-m/nofp\libcr_c.a(memset.o)
                0x00001be6                memset
 .text.free     0x00001bee       0x2c c:/nxp/mcuxpressoide_11.6.1_8255/ide/plugins/com.nxp.mcuxpresso.tools.win32_11.6.1.202207200623/tools/bin/../lib/gcc/arm-none-eabi/10.3.1/../../../../arm-none-eabi/lib/thumb/v6-m/nofp\libcr_c.a(alloc.o)
                0x00001bee                free
 .text.fputs    0x00001c1a       0x2e c:/nxp/mcuxpressoide_11.6.1_8255/ide/plugins/com.nxp.mcuxpresso.tools.win32_11.6.1.202207200623/tools/bin/../lib/gcc/arm-none-eabi/10.3.1/../../../../arm-none-eabi/lib/thumb/v6-m/nofp\libcr_c.a(fputs.o)
                0x00001c1a                fputs
 .text.remove   0x00001c48       0x12 c:/nxp/mcuxpressoide_11.6.1_8255/ide/plugins/com.nxp.mcuxpresso.tools.win32_11.6.1.202207200623/tools/bin/../lib/gcc/arm-none-eabi/10.3.1/../../../../arm-none-eabi/lib/thumb/v6-m/nofp\libcr_c.a(remove.o)
                0x00001c48                remove
 .text.__aeabi_division_idivmod
                0x00001c5a       0x78 c:/nxp/mcuxpressoide_11.6.1_8255/ide/plugins/com.nxp.mcuxpresso.tools.win32_11.6.1.202207200623/tools/bin/../lib/gcc/arm-none-eabi/10.3.1/thumb/v6-m/nofp\libcr_eabihelpers.a(division_32.o)
                0x00001c5a                __aeabi_idivmod
                0x00001c5a                __aeabi_idiv
                0x00001c60                __aeabi_uidivmod
                0x00001c60                __aeabi_uidiv
 .text.__aeabi_division_idiv0
                0x00001cd2        0x2 c:/nxp/mcuxpressoide_11.6.1_8255/ide/plugins/com.nxp.mcuxpresso.tools.win32_11.6.1.202207200623/tools/bin/../lib/gcc/arm-none-eabi/10.3.1/thumb/v6-m/nofp\libcr_eabihelpers.a(division_idiv0.o)
                0x00001cd2                __aeabi_idiv0
 .text.__aeabi_memset_lowlevel
                0x00001cd4       0x2a c:/nxp/mcuxpressoide_11.6.1_8255/ide/plugins/com.nxp.mcuxpresso.tools.win32_11.6.1.202207200623/tools/bin/../lib/gcc/arm-none-eabi/10.3.1/thumb/v6-m/nofp\libcr_eabihelpers.a(memcpy.o)
                0x00001cd4                __aeabi_lowlevel_memset
 .text.__sys_close
                0x00001cfe        0x6 c:/nxp/mcuxpressoide_11.6.1_8255/ide/plugins/com.nxp.mcuxpresso.tools.win32_11.6.1.202207200623/tools/bin/../lib/gcc/arm-none-eabi/10.3.1/../../../../arm-none-eabi/lib/thumb/v6-m/nofp\libcr_nohost_nf.a(__sys_close.o)
                0x00001cfe                __sys_close
 .text.__sys_flen
                0x00001d04        0x6 c:/nxp/mcuxpressoide_11.6.1_8255/ide/plugins/com.nxp.mcuxpresso.tools.win32_11.6.1.202207200623/tools/bin/../lib/gcc/arm-none-eabi/10.3.1/../../../../arm-none-eabi/lib/thumb/v6-m/nofp\libcr_nohost_nf.a(__sys_flen.o)
                0x00001d04                __sys_flen
 .text.__sys_istty
                0x00001d0a        0x6 c:/nxp/mcuxpressoide_11.6.1_8255/ide/plugins/com.nxp.mcuxpresso.tools.win32_11.6.1.202207200623/tools/bin/../lib/gcc/arm-none-eabi/10.3.1/../../../../arm-none-eabi/lib/thumb/v6-m/nofp\libcr_nohost_nf.a(__sys_istty.o)
                0x00001d0a                __sys_istty
 .text.__sys_remove
                0x00001d10        0x6 c:/nxp/mcuxpressoide_11.6.1_8255/ide/plugins/com.nxp.mcuxpresso.tools.win32_11.6.1.202207200623/tools/bin/../lib/gcc/arm-none-eabi/10.3.1/../../../../arm-none-eabi/lib/thumb/v6-m/nofp\libcr_nohost_nf.a(__sys_remove.o)
                0x00001d10                __sys_remove
 .text.__sys_seek
                0x00001d16        0x6 c:/nxp/mcuxpressoide_11.6.1_8255/ide/plugins/com.nxp.mcuxpresso.tools.win32_11.6.1.202207200623/tools/bin/../lib/gcc/arm-none-eabi/10.3.1/../../../../arm-none-eabi/lib/thumb/v6-m/nofp\libcr_nohost_nf.a(__sys_seek.o)
                0x00001d16                __sys_seek
 .text.__sys_tmpnam
                0x00001d1c        0x6 c:/nxp/mcuxpressoide_11.6.1_8255/ide/plugins/com.nxp.mcuxpresso.tools.win32_11.6.1.202207200623/tools/bin/../lib/gcc/arm-none-eabi/10.3.1/../../../../arm-none-eabi/lib/thumb/v6-m/nofp\libcr_nohost_nf.a(__sys_tmpnam.o)
                0x00001d1c                __sys_tmpnam
 .text.__sys_write
                0x00001d22        0x4 c:/nxp/mcuxpressoide_11.6.1_8255/ide/plugins/com.nxp.mcuxpresso.tools.win32_11.6.1.202207200623/tools/bin/../lib/gcc/arm-none-eabi/10.3.1/../../../../arm-none-eabi/lib/thumb/v6-m/nofp\libcr_nohost_nf.a(__sys_write.o)
                0x00001d22                __sys_write
 *(SORT_BY_ALIGNMENT(.rodata) SORT_BY_ALIGNMENT(.rodata.*) SORT_BY_ALIGNMENT(.constdata) SORT_BY_ALIGNMENT(.constdata.*))
 *fill*         0x00001d26        0x2 ff
 .rodata.DbgConsole_Init.str1.4
                0x00001d28       0x43 ./utilities/fsl_debug_console.o
 *fill*         0x00001d6b        0x1 ff
 .rodata.IO_Init.str1.4
                0x00001d6c       0x1a ./utilities/fsl_io.o
 *fill*         0x00001d86        0x2 ff
 .rodata        0x00001d88        0x2 ./source/SD2_board.o
 *fill*         0x00001d8a        0x2 ff
 .rodata.board_gpioLeds
                0x00001d8c       0x30 ./source/SD2_board.o
 .rodata.board_gpioSw
                0x00001dbc       0x18 ./source/SD2_board.o
 .rodata.CLOCK_GetMcgExtClkFreq.str1.4
                0x00001dd4       0x1e ./drivers/fsl_clock.o
 *fill*         0x00001df2        0x2 ff
 .rodata.CLOCK_GetPll0Freq.str1.4
                0x00001df4       0x1d ./drivers/fsl_clock.o
 *fill*         0x00001e11        0x3 ff
 .rodata.fllFactorTable.1
                0x00001e14       0x10 ./drivers/fsl_clock.o
 .rodata.GPIO_PinInit.str1.4
                0x00001e24       0x18 ./drivers/fsl_gpio.o
 .rodata.LPSCI_GetInstance.str1.4
                0x00001e3c       0x36 ./drivers/fsl_lpsci.o
 *fill*         0x00001e72        0x2 ff
 .rodata.LPSCI_Init.str1.4
                0x00001e74       0x43 ./drivers/fsl_lpsci.o
 *fill*         0x00001eb7        0x1 ff
 .rodata.LPSCI_GetDefaultConfig.str1.4
                0x00001eb8       0x19 ./drivers/fsl_lpsci.o
 *fill*         0x00001ed1        0x3 ff
 .rodata.UART_GetInstance.str1.4
                0x00001ed4       0x2b ./drivers/fsl_uart.o
 *fill*         0x00001eff        0x1 ff
 .rodata.UART_Init.str1.4
                0x00001f00       0x3e ./drivers/fsl_uart.o
 *fill*         0x00001f3e        0x2 ff
 .rodata.UART_GetDefaultConfig.str1.4
                0x00001f40       0x18 ./drivers/fsl_uart.o
 .rodata.s_uartBases
                0x00001f58        0xc ./drivers/fsl_uart.o
 .rodata.s_uartClock
                0x00001f64        0xc ./drivers/fsl_uart.o
 .rodata.__num_Ciob_streams
                0x00001f70        0x4 c:/nxp/mcuxpressoide_11.6.1_8255/ide/plugins/com.nxp.mcuxpresso.tools.win32_11.6.1.202207200623/tools/bin/../lib/gcc/arm-none-eabi/10.3.1/../../../../arm-none-eabi/lib/thumb/v6-m/nofp\libcr_nohost_nf.a(__ciob.o)
                0x00001f70                __num_Ciob_streams
 .rodata.__assertion_failed.str1.1
                0x00001f74       0x15 c:/nxp/mcuxpressoide_11.6.1_8255/ide/plugins/com.nxp.mcuxpresso.tools.win32_11.6.1.202207200623/tools/bin/../lib/gcc/arm-none-eabi/10.3.1/../../../../arm-none-eabi/lib/thumb/v6-m/nofp\libcr_nohost_nf.a(_cr_assert.o)
 .rodata._Csys_alloc.str1.1
                0x00001f89       0x18 c:/nxp/mcuxpressoide_11.6.1_8255/ide/plugins/com.nxp.mcuxpresso.tools.win32_11.6.1.202207200623/tools/bin/../lib/gcc/arm-none-eabi/10.3.1/../../../../arm-none-eabi/lib/thumb/v6-m/nofp\libcr_c.a(alloc.o)
 .rodata._initio.str1.1
                0x00001fa1        0x4 c:/nxp/mcuxpressoide_11.6.1_8255/ide/plugins/com.nxp.mcuxpresso.tools.win32_11.6.1.202207200623/tools/bin/../lib/gcc/arm-none-eabi/10.3.1/../../../../arm-none-eabi/lib/thumb/v6-m/nofp\libcr_c.a(initio.o)
                0x00001fa8                . = ALIGN (0x4)
 *fill*         0x00001fa5        0x3 ff
                0x00001fa8                _etext = .

.glue_7         0x00001fa8        0x0
 .glue_7        0x00001fa8        0x0 linker stubs

.glue_7t        0x00001fa8        0x0
 .glue_7t       0x00001fa8        0x0 linker stubs

.vfp11_veneer   0x00001fa8        0x0
 .vfp11_veneer  0x00001fa8        0x0 linker stubs

.v4_bx          0x00001fa8        0x0
 .v4_bx         0x00001fa8        0x0 linker stubs

.iplt           0x00001fa8        0x0
 .iplt          0x00001fa8        0x0 ./utilities/fsl_debug_console.o

.rel.dyn        0x00001fa8        0x0
 .rel.iplt      0x00001fa8        0x0 ./utilities/fsl_debug_console.o

.m_usb_data
 *(SORT_BY_ALIGNMENT(m_usb_bdt))

.mtb_buffer_default
                0x1fffe000       0x80
 *(SORT_BY_ALIGNMENT(.mtb*))
 .mtb.$RAM1     0x1fffe000       0x80 ./source/mtb.o
                0x1fffe000                __mtb_buffer__

.uninit_RESERVED
                0x1fffe080        0x0
                0x1fffe080                _start_uninit_RESERVED = .
 *(SORT_BY_ALIGNMENT(.bss.$RESERVED*))
                0x1fffe080                . = ALIGN (0x4)
                0x1fffe080                _end_uninit_RESERVED = .

.data           0x1fffe080        0x8 load address 0x00001fa8
 FILL mask 0xff
                0x1fffe080                _data = .
                [!provide]                PROVIDE (__start_data_RAM = .)
                [!provide]                PROVIDE (__start_data_SRAM = .)
 *(SORT_BY_ALIGNMENT(vtable))
 *(SORT_BY_ALIGNMENT(.ramfunc*))
 *(SORT_BY_ALIGNMENT(CodeQuickAccess))
 *(SORT_BY_ALIGNMENT(DataQuickAccess))
 *(SORT_BY_ALIGNMENT(RamFunction))
 *(SORT_BY_ALIGNMENT(.data*))
 .data.s_slowIrcFreq
                0x1fffe080        0x4 ./drivers/fsl_clock.o
 .data.SystemCoreClock
                0x1fffe084        0x4 ./CMSIS/system_MKL46Z4.o
                0x1fffe084                SystemCoreClock
                0x1fffe088                . = ALIGN (0x4)
                0x1fffe088                _edata = .
                [!provide]                PROVIDE (__end_data_RAM = .)
                [!provide]                PROVIDE (__end_data_SRAM = .)

.igot.plt       0x1fffe088        0x0 load address 0x00001fb0
 .igot.plt      0x1fffe088        0x0 ./utilities/fsl_debug_console.o

.bss            0x1fffe088      0x12c
                0x1fffe088                _bss = .
                [!provide]                PROVIDE (__start_bss_RAM = .)
                [!provide]                PROVIDE (__start_bss_SRAM = .)
 *(SORT_BY_ALIGNMENT(.bss*))
 .bss.s_debugConsoleIO
                0x1fffe088        0x8 ./utilities/fsl_io.o
 .bss.estSW     0x1fffe090        0x2 ./source/key.o
 *fill*         0x1fffe092        0x2 
 .bss.eventSW   0x1fffe094        0x2 ./source/key.o
 *fill*         0x1fffe096        0x2 
 .bss.DELAY_200ms_ACUM
                0x1fffe098        0x4 ./source/mefACUM.o
 .bss.DELAY_5Seg_ACUM
                0x1fffe09c        0x4 ./source/mefACUM.o
 .bss.DELAY_10Seg_CRUCE
                0x1fffe0a0        0x4 ./source/mefCRUCE.o
 .bss.DELAY_1Min_CRUCE
                0x1fffe0a4        0x4 ./source/mefCRUCE.o
 .bss.DELAY_200ms_CRUCE
                0x1fffe0a8        0x4 ./source/mefCRUCE.o
 .bss.DELAY_200ms_RUTA
                0x1fffe0ac        0x4 ./source/mefRUTA.o
 .bss.DELAY_2Min_RUTA
                0x1fffe0b0        0x4 ./source/mefRUTA.o
 .bss.DELAY_5Seg_RUTA
                0x1fffe0b4        0x4 ./source/mefRUTA.o
 .bss.g_xtal0Freq
                0x1fffe0b8        0x4 ./drivers/fsl_clock.o
                0x1fffe0b8                g_xtal0Freq
 .bss.s_i2cHandle
                0x1fffe0bc        0x8 ./drivers/fsl_i2c.o
 .bss.s_i2cMasterIsr
                0x1fffe0c4        0x4 ./drivers/fsl_i2c.o
 .bss.s_i2cSlaveIsr
                0x1fffe0c8        0x4 ./drivers/fsl_i2c.o
 .bss.s_lpsciHandle
                0x1fffe0cc        0x4 ./drivers/fsl_lpsci.o
 .bss.s_lpsciIsr
                0x1fffe0d0        0x4 ./drivers/fsl_lpsci.o
 .bss.s_uartHandle
                0x1fffe0d4        0xc ./drivers/fsl_uart.o
 .bss.s_uartIsr
                0x1fffe0e0        0x4 ./drivers/fsl_uart.o
 .bss.__Ciob    0x1fffe0e4       0xb4 c:/nxp/mcuxpressoide_11.6.1_8255/ide/plugins/com.nxp.mcuxpresso.tools.win32_11.6.1.202207200623/tools/bin/../lib/gcc/arm-none-eabi/10.3.1/../../../../arm-none-eabi/lib/thumb/v6-m/nofp\libcr_nohost_nf.a(__ciob.o)
                0x1fffe0e4                __Ciob
 .bss.__end_of_heap
                0x1fffe198        0x4 c:/nxp/mcuxpressoide_11.6.1_8255/ide/plugins/com.nxp.mcuxpresso.tools.win32_11.6.1.202207200623/tools/bin/../lib/gcc/arm-none-eabi/10.3.1/../../../../arm-none-eabi/lib/thumb/v6-m/nofp\libcr_c.a(__init_alloc.o)
                0x1fffe198                __end_of_heap
 .bss.__heaps   0x1fffe19c        0x4 c:/nxp/mcuxpressoide_11.6.1_8255/ide/plugins/com.nxp.mcuxpresso.tools.win32_11.6.1.202207200623/tools/bin/../lib/gcc/arm-none-eabi/10.3.1/../../../../arm-none-eabi/lib/thumb/v6-m/nofp\libcr_c.a(__init_alloc.o)
                0x1fffe19c                __heaps
 .bss.errno     0x1fffe1a0        0x4 c:/nxp/mcuxpressoide_11.6.1_8255/ide/plugins/com.nxp.mcuxpresso.tools.win32_11.6.1.202207200623/tools/bin/../lib/gcc/arm-none-eabi/10.3.1/../../../../arm-none-eabi/lib/thumb/v6-m/nofp\libcr_c.a(errno.o)
                0x1fffe1a0                errno
 .bss.DELAY_30Seg_SEC
                0x1fffe1a4        0x2 ./source/mefSEC.o
 .bss.DELAY_5Seg_SEC
                0x1fffe1a6        0x2 ./source/mefSEC.o
 .bss.ContAutos
                0x1fffe1a8        0x1 ./source/DETAUTOS.o
 .bss.PULSADO   0x1fffe1a9        0x1 ./source/DETPULSADOR.o
 .bss.TransicionRuta
                0x1fffe1aa        0x1 ./source/TRANSICIONES.o
 .bss.estMefACUM
                0x1fffe1ab        0x1 ./source/mefACUM.o
 .bss.estMefCruce
                0x1fffe1ac        0x1 ./source/mefCRUCE.o
 .bss.estMefModo
                0x1fffe1ad        0x1 ./source/mefMODO.o
 .bss.SalMefRuta.0
                0x1fffe1ae        0x1 ./source/mefRUTA.o
 .bss.estMefRuta
                0x1fffe1af        0x1 ./source/mefRUTA.o
 .bss.DELAY_200ms_SEC
                0x1fffe1b0        0x1 ./source/mefSEC.o
 .bss.estMefSec
                0x1fffe1b1        0x1 ./source/mefSEC.o
 *(SORT_BY_ALIGNMENT(COMMON))
                0x1fffe1b4                . = ALIGN (0x4)
 *fill*         0x1fffe1b2        0x2 
                0x1fffe1b4                _ebss = .
                [!provide]                PROVIDE (__end_bss_RAM = .)
                [!provide]                PROVIDE (__end_bss_SRAM = .)
                [!provide]                PROVIDE (end = .)

.noinit         0x1fffe1b4        0x0
                0x1fffe1b4                _noinit = .
                [!provide]                PROVIDE (__start_noinit_RAM = .)
                [!provide]                PROVIDE (__start_noinit_SRAM = .)
 *(SORT_BY_ALIGNMENT(.noinit*))
                0x1fffe1b4                . = ALIGN (0x4)
                0x1fffe1b4                _end_noinit = .
                [!provide]                PROVIDE (__end_noinit_RAM = .)
                [!provide]                PROVIDE (__end_noinit_SRAM = .)

.ARM.extab
 *(SORT_BY_ALIGNMENT(.ARM.extab*) SORT_BY_ALIGNMENT(.gnu.linkonce.armextab.*))

.ARM.exidx      0x00001fb0        0x0
                0x00001fb0                __exidx_start = .
 *(SORT_BY_ALIGNMENT(.ARM.exidx*) SORT_BY_ALIGNMENT(.gnu.linkonce.armexidx.*))
                0x00001fb0                __exidx_end = .
                0x00000800                _HeapSize = 0x800

.heap           0x1fffe1b4      0x800
                0x1fffe1b4                _pvHeapStart = .
                0x1fffe9b4                . = (. + _HeapSize)
 *fill*         0x1fffe1b4      0x800 
                0x1fffe9b4                . = ALIGN (0x4)
                0x1fffe9b4                _pvHeapLimit = .
                0x00000800                _StackSize = 0x800

.heap2stackfill
                0x1fffe9b4      0x800
                0x1ffff1b4                . = (. + _StackSize)
 *fill*         0x1fffe9b4      0x800 

.stack          0x20005800        0x0
                0x20005800                _vStackBase = .
                0x20005800                . = ALIGN (0x4)
                0x20006000                _vStackTop = (. + _StackSize)
                0x00000000                _image_start = LOADADDR (.text)
                0x00001fb0                _image_end = (LOADADDR (.data) + SIZEOF (.data))
                0x00001fb0                _image_size = (_image_end - _image_start)
OUTPUT(TP1_DIGITALES 2.axf elf32-littlearm)
LOAD linker stubs

.debug_info     0x00000000     0xd5fc
 .debug_info    0x00000000      0x528 ./utilities/fsl_debug_console.o
 .debug_info    0x00000528      0xb32 ./utilities/fsl_io.o
 .debug_info    0x0000105a      0x474 ./utilities/fsl_log.o
 .debug_info    0x000014ce      0x6bf ./startup/startup_mkl46z4.o
 .debug_info    0x00001b8d      0x11d ./source/DETAUTOS.o
 .debug_info    0x00001caa      0x106 ./source/DETPULSADOR.o
 .debug_info    0x00001db0      0xcdf ./source/SD2_board.o
 .debug_info    0x00002a8f      0x517 ./source/TP1_DIGITALES 2.o
 .debug_info    0x00002fa6      0x10e ./source/TRANSICIONES.o
 .debug_info    0x000030b4      0x1df ./source/key.o
 .debug_info    0x00003293      0x35a ./source/mefACUM.o
 .debug_info    0x000035ed      0x2cd ./source/mefCRUCE.o
 .debug_info    0x000038ba      0x2d1 ./source/mefMODO.o
 .debug_info    0x00003b8b      0x33f ./source/mefRUTA.o
 .debug_info    0x00003eca      0x273 ./source/mefSEC.o
 .debug_info    0x0000413d       0x53 ./source/mtb.o
 .debug_info    0x00004190       0x3c ./source/semihost_hardfault.o
 .debug_info    0x000041cc     0x20d5 ./drivers/fsl_clock.o
 .debug_info    0x000062a1      0x999 ./drivers/fsl_gpio.o
 .debug_info    0x00006c3a     0x2631 ./drivers/fsl_i2c.o
 .debug_info    0x0000926b     0x1e33 ./drivers/fsl_lpsci.o
 .debug_info    0x0000b09e     0x1d11 ./drivers/fsl_uart.o
 .debug_info    0x0000cdaf      0x3fa ./board/board.o
 .debug_info    0x0000d1a9      0x453 ./CMSIS/system_MKL46Z4.o

.debug_abbrev   0x00000000     0x2904
 .debug_abbrev  0x00000000      0x1b2 ./utilities/fsl_debug_console.o
 .debug_abbrev  0x000001b2      0x238 ./utilities/fsl_io.o
 .debug_abbrev  0x000003ea      0x185 ./utilities/fsl_log.o
 .debug_abbrev  0x0000056f      0x166 ./startup/startup_mkl46z4.o
 .debug_abbrev  0x000006d5       0xc7 ./source/DETAUTOS.o
 .debug_abbrev  0x0000079c       0xbe ./source/DETPULSADOR.o
 .debug_abbrev  0x0000085a      0x31a ./source/SD2_board.o
 .debug_abbrev  0x00000b74      0x1dd ./source/TP1_DIGITALES 2.o
 .debug_abbrev  0x00000d51       0xcc ./source/TRANSICIONES.o
 .debug_abbrev  0x00000e1d      0x114 ./source/key.o
 .debug_abbrev  0x00000f31       0xff ./source/mefACUM.o
 .debug_abbrev  0x00001030       0xff ./source/mefCRUCE.o
 .debug_abbrev  0x0000112f       0xa3 ./source/mefMODO.o
 .debug_abbrev  0x000011d2       0xe1 ./source/mefRUTA.o
 .debug_abbrev  0x000012b3       0xff ./source/mefSEC.o
 .debug_abbrev  0x000013b2       0x46 ./source/mtb.o
 .debug_abbrev  0x000013f8       0x31 ./source/semihost_hardfault.o
 .debug_abbrev  0x00001429      0x3e4 ./drivers/fsl_clock.o
 .debug_abbrev  0x0000180d      0x25e ./drivers/fsl_gpio.o
 .debug_abbrev  0x00001a6b      0x45c ./drivers/fsl_i2c.o
 .debug_abbrev  0x00001ec7      0x3cc ./drivers/fsl_lpsci.o
 .debug_abbrev  0x00002293      0x3a5 ./drivers/fsl_uart.o
 .debug_abbrev  0x00002638      0x183 ./board/board.o
 .debug_abbrev  0x000027bb      0x149 ./CMSIS/system_MKL46Z4.o

.debug_loc      0x00000000     0x89f6
 .debug_loc     0x00000000      0x261 ./utilities/fsl_debug_console.o
 .debug_loc     0x00000261      0x4c1 ./utilities/fsl_io.o
 .debug_loc     0x00000722      0x347 ./utilities/fsl_log.o
 .debug_loc     0x00000a69      0x217 ./startup/startup_mkl46z4.o
 .debug_loc     0x00000c80      0x48f ./source/SD2_board.o
 .debug_loc     0x0000110f       0x63 ./source/TP1_DIGITALES 2.o
 .debug_loc     0x00001172       0x8e ./source/key.o
 .debug_loc     0x00001200     0x1747 ./drivers/fsl_clock.o
 .debug_loc     0x00002947      0x630 ./drivers/fsl_gpio.o
 .debug_loc     0x00002f77     0x23fa ./drivers/fsl_i2c.o
 .debug_loc     0x00005371     0x1b7f ./drivers/fsl_lpsci.o
 .debug_loc     0x00006ef0     0x19e0 ./drivers/fsl_uart.o
 .debug_loc     0x000088d0       0x38 ./board/board.o
 .debug_loc     0x00008908       0xee ./CMSIS/system_MKL46Z4.o

.debug_aranges  0x00000000      0xa38
 .debug_aranges
                0x00000000       0x58 ./utilities/fsl_debug_console.o
 .debug_aranges
                0x00000058       0x38 ./utilities/fsl_io.o
 .debug_aranges
                0x00000090       0x58 ./utilities/fsl_log.o
 .debug_aranges
                0x000000e8      0x160 ./startup/startup_mkl46z4.o
 .debug_aranges
                0x00000248       0x30 ./source/DETAUTOS.o
 .debug_aranges
                0x00000278       0x28 ./source/DETPULSADOR.o
 .debug_aranges
                0x000002a0       0x38 ./source/SD2_board.o
 .debug_aranges
                0x000002d8       0x28 ./source/TP1_DIGITALES 2.o
 .debug_aranges
                0x00000300       0x30 ./source/TRANSICIONES.o
 .debug_aranges
                0x00000330       0x30 ./source/key.o
 .debug_aranges
                0x00000360       0x38 ./source/mefACUM.o
 .debug_aranges
                0x00000398       0x38 ./source/mefCRUCE.o
 .debug_aranges
                0x000003d0       0x30 ./source/mefMODO.o
 .debug_aranges
                0x00000400       0x38 ./source/mefRUTA.o
 .debug_aranges
                0x00000438       0x38 ./source/mefSEC.o
 .debug_aranges
                0x00000470       0x18 ./source/mtb.o
 .debug_aranges
                0x00000488       0x20 ./source/semihost_hardfault.o
 .debug_aranges
                0x000004a8      0x1a8 ./drivers/fsl_clock.o
 .debug_aranges
                0x00000650       0x58 ./drivers/fsl_gpio.o
 .debug_aranges
                0x000006a8      0x138 ./drivers/fsl_i2c.o
 .debug_aranges
                0x000007e0       0xf8 ./drivers/fsl_lpsci.o
 .debug_aranges
                0x000008d8      0x110 ./drivers/fsl_uart.o
 .debug_aranges
                0x000009e8       0x20 ./board/board.o
 .debug_aranges
                0x00000a08       0x30 ./CMSIS/system_MKL46Z4.o

.debug_ranges   0x00000000      0x950
 .debug_ranges  0x00000000       0x48 ./utilities/fsl_debug_console.o
 .debug_ranges  0x00000048       0x28 ./utilities/fsl_io.o
 .debug_ranges  0x00000070       0x48 ./utilities/fsl_log.o
 .debug_ranges  0x000000b8      0x150 ./startup/startup_mkl46z4.o
 .debug_ranges  0x00000208       0x20 ./source/DETAUTOS.o
 .debug_ranges  0x00000228       0x18 ./source/DETPULSADOR.o
 .debug_ranges  0x00000240       0x58 ./source/SD2_board.o
 .debug_ranges  0x00000298       0x18 ./source/TP1_DIGITALES 2.o
 .debug_ranges  0x000002b0       0x20 ./source/TRANSICIONES.o
 .debug_ranges  0x000002d0       0x20 ./source/key.o
 .debug_ranges  0x000002f0       0x28 ./source/mefACUM.o
 .debug_ranges  0x00000318       0x28 ./source/mefCRUCE.o
 .debug_ranges  0x00000340       0x20 ./source/mefMODO.o
 .debug_ranges  0x00000360       0x28 ./source/mefRUTA.o
 .debug_ranges  0x00000388       0x28 ./source/mefSEC.o
 .debug_ranges  0x000003b0       0x10 ./source/semihost_hardfault.o
 .debug_ranges  0x000003c0      0x198 ./drivers/fsl_clock.o
 .debug_ranges  0x00000558       0x88 ./drivers/fsl_gpio.o
 .debug_ranges  0x000005e0      0x140 ./drivers/fsl_i2c.o
 .debug_ranges  0x00000720      0x100 ./drivers/fsl_lpsci.o
 .debug_ranges  0x00000820      0x100 ./drivers/fsl_uart.o
 .debug_ranges  0x00000920       0x10 ./board/board.o
 .debug_ranges  0x00000930       0x20 ./CMSIS/system_MKL46Z4.o

.debug_macro    0x00000000     0xcdec
 .debug_macro   0x00000000      0x126 ./utilities/fsl_debug_console.o
 .debug_macro   0x00000126      0xa8a ./utilities/fsl_debug_console.o
 .debug_macro   0x00000bb0       0x10 ./utilities/fsl_debug_console.o
 .debug_macro   0x00000bc0       0x16 ./utilities/fsl_debug_console.o
 .debug_macro   0x00000bd6       0x10 ./utilities/fsl_debug_console.o
 .debug_macro   0x00000be6      0x12e ./utilities/fsl_debug_console.o
 .debug_macro   0x00000d14       0x28 ./utilities/fsl_debug_console.o
 .debug_macro   0x00000d3c       0x16 ./utilities/fsl_debug_console.o
 .debug_macro   0x00000d52       0x22 ./utilities/fsl_debug_console.o
 .debug_macro   0x00000d74      0x5b3 ./utilities/fsl_debug_console.o
 .debug_macro   0x00001327       0x10 ./utilities/fsl_debug_console.o
 .debug_macro   0x00001337       0x3f ./utilities/fsl_debug_console.o
 .debug_macro   0x00001376       0x1c ./utilities/fsl_debug_console.o
 .debug_macro   0x00001392       0x22 ./utilities/fsl_debug_console.o
 .debug_macro   0x000013b4       0xaf ./utilities/fsl_debug_console.o
 .debug_macro   0x00001463      0x37c ./utilities/fsl_debug_console.o
 .debug_macro   0x000017df       0x38 ./utilities/fsl_debug_console.o
 .debug_macro   0x00001817     0x87f8 ./utilities/fsl_debug_console.o
 .debug_macro   0x0000a00f     0x121a ./utilities/fsl_debug_console.o
 .debug_macro   0x0000b229       0x52 ./utilities/fsl_debug_console.o
 .debug_macro   0x0000b27b      0x10a ./utilities/fsl_debug_console.o
 .debug_macro   0x0000b385       0x74 ./utilities/fsl_debug_console.o
 .debug_macro   0x0000b3f9       0x1c ./utilities/fsl_debug_console.o
 .debug_macro   0x0000b415       0x50 ./utilities/fsl_debug_console.o
 .debug_macro   0x0000b465      0x123 ./utilities/fsl_io.o
 .debug_macro   0x0000b588       0x1c ./utilities/fsl_io.o
 .debug_macro   0x0000b5a4       0x22 ./utilities/fsl_io.o
 .debug_macro   0x0000b5c6       0x10 ./utilities/fsl_io.o
 .debug_macro   0x0000b5d6       0x10 ./utilities/fsl_io.o
 .debug_macro   0x0000b5e6      0x147 ./utilities/fsl_log.o
 .debug_macro   0x0000b72d       0x23 ./startup/startup_mkl46z4.o
 .debug_macro   0x0000b750       0xac ./source/DETAUTOS.o
 .debug_macro   0x0000b7fc       0xac ./source/DETPULSADOR.o
 .debug_macro   0x0000b8a8      0x12b ./source/SD2_board.o
 .debug_macro   0x0000b9d3       0x10 ./source/SD2_board.o
 .debug_macro   0x0000b9e3       0x10 ./source/SD2_board.o
 .debug_macro   0x0000b9f3      0x1d2 ./source/SD2_board.o
 .debug_macro   0x0000bbc5      0x192 ./source/TP1_DIGITALES 2.o
 .debug_macro   0x0000bd57       0xd8 ./source/TP1_DIGITALES 2.o
 .debug_macro   0x0000be2f       0x10 ./source/TP1_DIGITALES 2.o
 .debug_macro   0x0000be3f      0x15b ./source/TP1_DIGITALES 2.o
 .debug_macro   0x0000bf9a       0x16 ./source/TP1_DIGITALES 2.o
 .debug_macro   0x0000bfb0       0x1c ./source/TP1_DIGITALES 2.o
 .debug_macro   0x0000bfcc       0x58 ./source/TP1_DIGITALES 2.o
 .debug_macro   0x0000c024       0x22 ./source/TP1_DIGITALES 2.o
 .debug_macro   0x0000c046       0x46 ./source/TRANSICIONES.o
 .debug_macro   0x0000c08c       0xa2 ./source/key.o
 .debug_macro   0x0000c12e       0xc8 ./source/mefACUM.o
 .debug_macro   0x0000c1f6       0x2e ./source/mefACUM.o
 .debug_macro   0x0000c224       0x4c ./source/mefACUM.o
 .debug_macro   0x0000c270       0xbe ./source/mefCRUCE.o
 .debug_macro   0x0000c32e       0x81 ./source/mefMODO.o
 .debug_macro   0x0000c3af       0xe2 ./source/mefRUTA.o
 .debug_macro   0x0000c491       0xbe ./source/mefSEC.o
 .debug_macro   0x0000c54f       0x2f ./source/mtb.o
 .debug_macro   0x0000c57e       0x82 ./source/mtb.o
 .debug_macro   0x0000c600       0x10 ./source/mtb.o
 .debug_macro   0x0000c610       0x11 ./source/semihost_hardfault.o
 .debug_macro   0x0000c621      0x1b8 ./drivers/fsl_clock.o
 .debug_macro   0x0000c7d9      0x108 ./drivers/fsl_gpio.o
 .debug_macro   0x0000c8e1      0x107 ./drivers/fsl_i2c.o
 .debug_macro   0x0000c9e8       0x16 ./drivers/fsl_i2c.o
 .debug_macro   0x0000c9fe      0x108 ./drivers/fsl_lpsci.o
 .debug_macro   0x0000cb06      0x10e ./drivers/fsl_uart.o
 .debug_macro   0x0000cc14      0x12b ./board/board.o
 .debug_macro   0x0000cd3f       0x16 ./board/board.o
 .debug_macro   0x0000cd55       0x97 ./CMSIS/system_MKL46Z4.o

.debug_line     0x00000000     0xa468
 .debug_line    0x00000000      0x4f6 ./utilities/fsl_debug_console.o
 .debug_line    0x000004f6      0x586 ./utilities/fsl_io.o
 .debug_line    0x00000a7c      0x53d ./utilities/fsl_log.o
 .debug_line    0x00000fb9      0x333 ./startup/startup_mkl46z4.o
 .debug_line    0x000012ec      0x2c5 ./source/DETAUTOS.o
 .debug_line    0x000015b1      0x2ba ./source/DETPULSADOR.o
 .debug_line    0x0000186b      0x680 ./source/SD2_board.o
 .debug_line    0x00001eeb      0x502 ./source/TP1_DIGITALES 2.o
 .debug_line    0x000023ed      0x1d6 ./source/TRANSICIONES.o
 .debug_line    0x000025c3      0x35e ./source/key.o
 .debug_line    0x00002921      0x40f ./source/mefACUM.o
 .debug_line    0x00002d30      0x413 ./source/mefCRUCE.o
 .debug_line    0x00003143      0x2e8 ./source/mefMODO.o
 .debug_line    0x0000342b      0x3c5 ./source/mefRUTA.o
 .debug_line    0x000037f0      0x387 ./source/mefSEC.o
 .debug_line    0x00003b77       0xd1 ./source/mtb.o
 .debug_line    0x00003c48       0x5a ./source/semihost_hardfault.o
 .debug_line    0x00003ca2     0x1866 ./drivers/fsl_clock.o
 .debug_line    0x00005508      0x56e ./drivers/fsl_gpio.o
 .debug_line    0x00005a76     0x1d71 ./drivers/fsl_i2c.o
 .debug_line    0x000077e7     0x1291 ./drivers/fsl_lpsci.o
 .debug_line    0x00008a78     0x1253 ./drivers/fsl_uart.o
 .debug_line    0x00009ccb      0x3dd ./board/board.o
 .debug_line    0x0000a0a8      0x3c0 ./CMSIS/system_MKL46Z4.o

.debug_str      0x00000000    0x5159e
 .debug_str     0x00000000    0x4a605 ./utilities/fsl_debug_console.o
                              0x4a852 (size before relaxing)
 .debug_str     0x0004a605      0xc6f ./utilities/fsl_io.o
                              0x4b24a (size before relaxing)
 .debug_str     0x0004b274      0x18f ./utilities/fsl_log.o
                              0x4a80b (size before relaxing)
 .debug_str     0x0004b403      0x3d3 ./startup/startup_mkl46z4.o
                               0x30d9 (size before relaxing)
 .debug_str     0x0004b7d6       0xb3 ./source/DETAUTOS.o
                              0x42d06 (size before relaxing)
 .debug_str     0x0004b889       0x57 ./source/DETPULSADOR.o
                              0x42d03 (size before relaxing)
 .debug_str     0x0004b8e0      0xd6e ./source/SD2_board.o
                              0x4b703 (size before relaxing)
 .debug_str     0x0004c64e      0xfe6 ./source/TP1_DIGITALES 2.o
                              0x4bbb3 (size before relaxing)
 .debug_str     0x0004d634       0xbb ./source/TRANSICIONES.o
                               0x443e (size before relaxing)
 .debug_str     0x0004d6ef       0x57 ./source/key.o
                              0x42d44 (size before relaxing)
 .debug_str     0x0004d746      0x251 ./source/mefACUM.o
                              0x42f95 (size before relaxing)
 .debug_str     0x0004d997       0xd6 ./source/mefCRUCE.o
                              0x42f7b (size before relaxing)
 .debug_str     0x0004da6d       0xe0 ./source/mefMODO.o
                               0x45ba (size before relaxing)
 .debug_str     0x0004db4d       0x9a ./source/mefRUTA.o
                              0x43045 (size before relaxing)
 .debug_str     0x0004dbe7       0x72 ./source/mefSEC.o
                              0x42f5a (size before relaxing)
 .debug_str     0x0004dc59      0x532 ./source/mtb.o
                               0x31fd (size before relaxing)
 .debug_str     0x0004e18b       0x1f ./source/semihost_hardfault.o
                               0x2cea (size before relaxing)
 .debug_str     0x0004e1aa     0x1736 ./drivers/fsl_clock.o
                              0x4c2d5 (size before relaxing)
 .debug_str     0x0004f8e0      0x106 ./drivers/fsl_gpio.o
                              0x4ab54 (size before relaxing)
 .debug_str     0x0004f9e6      0xc3b ./drivers/fsl_i2c.o
                              0x4ba82 (size before relaxing)
 .debug_str     0x00050621      0x7e3 ./drivers/fsl_lpsci.o
                              0x4b905 (size before relaxing)
 .debug_str     0x00050e04      0x712 ./drivers/fsl_uart.o
                              0x4b922 (size before relaxing)
 .debug_str     0x00051516       0x35 ./board/board.o
                              0x4ae95 (size before relaxing)
 .debug_str     0x0005154b       0x53 ./CMSIS/system_MKL46Z4.o
                              0x49740 (size before relaxing)

.comment        0x00000000       0x49
 .comment       0x00000000       0x49 ./utilities/fsl_debug_console.o
                                 0x4a (size before relaxing)
 .comment       0x00000049       0x4a ./utilities/fsl_io.o
 .comment       0x00000049       0x4a ./utilities/fsl_log.o
 .comment       0x00000049       0x4a ./startup/startup_mkl46z4.o
 .comment       0x00000049       0x4a ./source/DETAUTOS.o
 .comment       0x00000049       0x4a ./source/DETPULSADOR.o
 .comment       0x00000049       0x4a ./source/SD2_board.o
 .comment       0x00000049       0x4a ./source/TP1_DIGITALES 2.o
 .comment       0x00000049       0x4a ./source/TRANSICIONES.o
 .comment       0x00000049       0x4a ./source/key.o
 .comment       0x00000049       0x4a ./source/mefACUM.o
 .comment       0x00000049       0x4a ./source/mefCRUCE.o
 .comment       0x00000049       0x4a ./source/mefMODO.o
 .comment       0x00000049       0x4a ./source/mefRUTA.o
 .comment       0x00000049       0x4a ./source/mefSEC.o
 .comment       0x00000049       0x4a ./source/mtb.o
 .comment       0x00000049       0x4a ./source/semihost_hardfault.o
 .comment       0x00000049       0x4a ./drivers/fsl_clock.o
 .comment       0x00000049       0x4a ./drivers/fsl_gpio.o
 .comment       0x00000049       0x4a ./drivers/fsl_i2c.o
 .comment       0x00000049       0x4a ./drivers/fsl_lpsci.o
 .comment       0x00000049       0x4a ./drivers/fsl_uart.o
 .comment       0x00000049       0x4a ./board/board.o
 .comment       0x00000049       0x4a ./CMSIS/system_MKL46Z4.o
 .comment       0x00000049       0x4a c:/nxp/mcuxpressoide_11.6.1_8255/ide/plugins/com.nxp.mcuxpresso.tools.win32_11.6.1.202207200623/tools/bin/../lib/gcc/arm-none-eabi/10.3.1/../../../../arm-none-eabi/lib/thumb/v6-m/nofp\libcr_nohost_nf.a(_cr__main.o)
 .comment       0x00000049       0x4a c:/nxp/mcuxpressoide_11.6.1_8255/ide/plugins/com.nxp.mcuxpresso.tools.win32_11.6.1.202207200623/tools/bin/../lib/gcc/arm-none-eabi/10.3.1/../../../../arm-none-eabi/lib/thumb/v6-m/nofp\libcr_nohost_nf.a(_cr_assert.o)
 .comment       0x00000049       0x4a c:/nxp/mcuxpressoide_11.6.1_8255/ide/plugins/com.nxp.mcuxpresso.tools.win32_11.6.1.202207200623/tools/bin/../lib/gcc/arm-none-eabi/10.3.1/../../../../arm-none-eabi/lib/thumb/v6-m/nofp\libcr_nohost_nf.a(__ciob.o)
 .comment       0x00000049       0x4a c:/nxp/mcuxpressoide_11.6.1_8255/ide/plugins/com.nxp.mcuxpresso.tools.win32_11.6.1.202207200623/tools/bin/../lib/gcc/arm-none-eabi/10.3.1/../../../../arm-none-eabi/lib/thumb/v6-m/nofp\libcr_nohost_nf.a(__sys_appexit.o)
 .comment       0x00000049       0x4a c:/nxp/mcuxpressoide_11.6.1_8255/ide/plugins/com.nxp.mcuxpresso.tools.win32_11.6.1.202207200623/tools/bin/../lib/gcc/arm-none-eabi/10.3.1/../../../../arm-none-eabi/lib/thumb/v6-m/nofp\libcr_c.a(memset.o)
 .comment       0x00000049       0x4a c:/nxp/mcuxpressoide_11.6.1_8255/ide/plugins/com.nxp.mcuxpresso.tools.win32_11.6.1.202207200623/tools/bin/../lib/gcc/arm-none-eabi/10.3.1/../../../../arm-none-eabi/lib/thumb/v6-m/nofp\libcr_c.a(_deferredlazyseek.o)
 .comment       0x00000049       0x4a c:/nxp/mcuxpressoide_11.6.1_8255/ide/plugins/com.nxp.mcuxpresso.tools.win32_11.6.1.202207200623/tools/bin/../lib/gcc/arm-none-eabi/10.3.1/../../../../arm-none-eabi/lib/thumb/v6-m/nofp\libcr_c.a(_fflush.o)
 .comment       0x00000049       0x4a c:/nxp/mcuxpressoide_11.6.1_8255/ide/plugins/com.nxp.mcuxpresso.tools.win32_11.6.1.202207200623/tools/bin/../lib/gcc/arm-none-eabi/10.3.1/../../../../arm-none-eabi/lib/thumb/v6-m/nofp\libcr_c.a(_writebuf.o)
 .comment       0x00000049       0x4a c:/nxp/mcuxpressoide_11.6.1_8255/ide/plugins/com.nxp.mcuxpresso.tools.win32_11.6.1.202207200623/tools/bin/../lib/gcc/arm-none-eabi/10.3.1/../../../../arm-none-eabi/lib/thumb/v6-m/nofp\libcr_c.a(alloc.o)
 .comment       0x00000049       0x4a c:/nxp/mcuxpressoide_11.6.1_8255/ide/plugins/com.nxp.mcuxpresso.tools.win32_11.6.1.202207200623/tools/bin/../lib/gcc/arm-none-eabi/10.3.1/../../../../arm-none-eabi/lib/thumb/v6-m/nofp\libcr_c.a(fputs.o)
 .comment       0x00000049       0x4a c:/nxp/mcuxpressoide_11.6.1_8255/ide/plugins/com.nxp.mcuxpresso.tools.win32_11.6.1.202207200623/tools/bin/../lib/gcc/arm-none-eabi/10.3.1/../../../../arm-none-eabi/lib/thumb/v6-m/nofp\libcr_c.a(fseek.o)
 .comment       0x00000049       0x4a c:/nxp/mcuxpressoide_11.6.1_8255/ide/plugins/com.nxp.mcuxpresso.tools.win32_11.6.1.202207200623/tools/bin/../lib/gcc/arm-none-eabi/10.3.1/../../../../arm-none-eabi/lib/thumb/v6-m/nofp\libcr_c.a(ftell.o)
 .comment       0x00000049       0x4a c:/nxp/mcuxpressoide_11.6.1_8255/ide/plugins/com.nxp.mcuxpresso.tools.win32_11.6.1.202207200623/tools/bin/../lib/gcc/arm-none-eabi/10.3.1/../../../../arm-none-eabi/lib/thumb/v6-m/nofp\libcr_c.a(initio.o)
 .comment       0x00000049       0x4a c:/nxp/mcuxpressoide_11.6.1_8255/ide/plugins/com.nxp.mcuxpresso.tools.win32_11.6.1.202207200623/tools/bin/../lib/gcc/arm-none-eabi/10.3.1/../../../../arm-none-eabi/lib/thumb/v6-m/nofp\libcr_c.a(setvbuf.o)
 .comment       0x00000049       0x4a c:/nxp/mcuxpressoide_11.6.1_8255/ide/plugins/com.nxp.mcuxpresso.tools.win32_11.6.1.202207200623/tools/bin/../lib/gcc/arm-none-eabi/10.3.1/../../../../arm-none-eabi/lib/thumb/v6-m/nofp\libcr_c.a(strlen.o)
 .comment       0x00000049       0x4a c:/nxp/mcuxpressoide_11.6.1_8255/ide/plugins/com.nxp.mcuxpresso.tools.win32_11.6.1.202207200623/tools/bin/../lib/gcc/arm-none-eabi/10.3.1/../../../../arm-none-eabi/lib/thumb/v6-m/nofp\libcr_c.a(__init_alloc.o)
 .comment       0x00000049       0x4a c:/nxp/mcuxpressoide_11.6.1_8255/ide/plugins/com.nxp.mcuxpresso.tools.win32_11.6.1.202207200623/tools/bin/../lib/gcc/arm-none-eabi/10.3.1/../../../../arm-none-eabi/lib/thumb/v6-m/nofp\libcr_c.a(_cr_sbrk.o)
 .comment       0x00000049       0x4a c:/nxp/mcuxpressoide_11.6.1_8255/ide/plugins/com.nxp.mcuxpresso.tools.win32_11.6.1.202207200623/tools/bin/../lib/gcc/arm-none-eabi/10.3.1/../../../../arm-none-eabi/lib/thumb/v6-m/nofp\libcr_c.a(_fdopen.o)
 .comment       0x00000049       0x4a c:/nxp/mcuxpressoide_11.6.1_8255/ide/plugins/com.nxp.mcuxpresso.tools.win32_11.6.1.202207200623/tools/bin/../lib/gcc/arm-none-eabi/10.3.1/../../../../arm-none-eabi/lib/thumb/v6-m/nofp\libcr_c.a(errno.o)
 .comment       0x00000049       0x4a c:/nxp/mcuxpressoide_11.6.1_8255/ide/plugins/com.nxp.mcuxpresso.tools.win32_11.6.1.202207200623/tools/bin/../lib/gcc/arm-none-eabi/10.3.1/../../../../arm-none-eabi/lib/thumb/v6-m/nofp\libcr_c.a(fclose.o)
 .comment       0x00000049       0x4a c:/nxp/mcuxpressoide_11.6.1_8255/ide/plugins/com.nxp.mcuxpresso.tools.win32_11.6.1.202207200623/tools/bin/../lib/gcc/arm-none-eabi/10.3.1/../../../../arm-none-eabi/lib/thumb/v6-m/nofp\libcr_c.a(fflush.o)
 .comment       0x00000049       0x4a c:/nxp/mcuxpressoide_11.6.1_8255/ide/plugins/com.nxp.mcuxpresso.tools.win32_11.6.1.202207200623/tools/bin/../lib/gcc/arm-none-eabi/10.3.1/../../../../arm-none-eabi/lib/thumb/v6-m/nofp\libcr_c.a(remove.o)
 .comment       0x00000049       0x4a c:/nxp/mcuxpressoide_11.6.1_8255/ide/plugins/com.nxp.mcuxpresso.tools.win32_11.6.1.202207200623/tools/bin/../lib/gcc/arm-none-eabi/10.3.1/../../../../arm-none-eabi/lib/thumb/v6-m/nofp\libcr_c.a(_cr_check_heap.o)
 .comment       0x00000049       0x4a c:/nxp/mcuxpressoide_11.6.1_8255/ide/plugins/com.nxp.mcuxpresso.tools.win32_11.6.1.202207200623/tools/bin/../lib/gcc/arm-none-eabi/10.3.1/../../../../arm-none-eabi/lib/thumb/v6-m/nofp\libcr_c.a(_do_fflush.o)
 .comment       0x00000049       0x4a c:/nxp/mcuxpressoide_11.6.1_8255/ide/plugins/com.nxp.mcuxpresso.tools.win32_11.6.1.202207200623/tools/bin/../lib/gcc/arm-none-eabi/10.3.1/../../../../arm-none-eabi/lib/thumb/v6-m/nofp\libcr_nohost_nf.a(__sys_close.o)
 .comment       0x00000049       0x4a c:/nxp/mcuxpressoide_11.6.1_8255/ide/plugins/com.nxp.mcuxpresso.tools.win32_11.6.1.202207200623/tools/bin/../lib/gcc/arm-none-eabi/10.3.1/../../../../arm-none-eabi/lib/thumb/v6-m/nofp\libcr_nohost_nf.a(__sys_flen.o)
 .comment       0x00000049       0x4a c:/nxp/mcuxpressoide_11.6.1_8255/ide/plugins/com.nxp.mcuxpresso.tools.win32_11.6.1.202207200623/tools/bin/../lib/gcc/arm-none-eabi/10.3.1/../../../../arm-none-eabi/lib/thumb/v6-m/nofp\libcr_nohost_nf.a(__sys_istty.o)
 .comment       0x00000049       0x4a c:/nxp/mcuxpressoide_11.6.1_8255/ide/plugins/com.nxp.mcuxpresso.tools.win32_11.6.1.202207200623/tools/bin/../lib/gcc/arm-none-eabi/10.3.1/../../../../arm-none-eabi/lib/thumb/v6-m/nofp\libcr_nohost_nf.a(__sys_remove.o)
 .comment       0x00000049       0x4a c:/nxp/mcuxpressoide_11.6.1_8255/ide/plugins/com.nxp.mcuxpresso.tools.win32_11.6.1.202207200623/tools/bin/../lib/gcc/arm-none-eabi/10.3.1/../../../../arm-none-eabi/lib/thumb/v6-m/nofp\libcr_nohost_nf.a(__sys_seek.o)
 .comment       0x00000049       0x4a c:/nxp/mcuxpressoide_11.6.1_8255/ide/plugins/com.nxp.mcuxpresso.tools.win32_11.6.1.202207200623/tools/bin/../lib/gcc/arm-none-eabi/10.3.1/../../../../arm-none-eabi/lib/thumb/v6-m/nofp\libcr_nohost_nf.a(__sys_tmpnam.o)
 .comment       0x00000049       0x4a c:/nxp/mcuxpressoide_11.6.1_8255/ide/plugins/com.nxp.mcuxpresso.tools.win32_11.6.1.202207200623/tools/bin/../lib/gcc/arm-none-eabi/10.3.1/../../../../arm-none-eabi/lib/thumb/v6-m/nofp\libcr_nohost_nf.a(__sys_write.o)

.ARM.attributes
                0x00000000       0x2a
 .ARM.attributes
                0x00000000       0x2c ./utilities/fsl_debug_console.o
 .ARM.attributes
                0x0000002c       0x2c ./utilities/fsl_io.o
 .ARM.attributes
                0x00000058       0x2c ./utilities/fsl_log.o
 .ARM.attributes
                0x00000084       0x2c ./startup/startup_mkl46z4.o
 .ARM.attributes
                0x000000b0       0x2c ./source/DETAUTOS.o
 .ARM.attributes
                0x000000dc       0x2c ./source/DETPULSADOR.o
 .ARM.attributes
                0x00000108       0x2c ./source/SD2_board.o
 .ARM.attributes
                0x00000134       0x2c ./source/TP1_DIGITALES 2.o
 .ARM.attributes
                0x00000160       0x2c ./source/TRANSICIONES.o
 .ARM.attributes
                0x0000018c       0x2c ./source/key.o
 .ARM.attributes
                0x000001b8       0x2c ./source/mefACUM.o
 .ARM.attributes
                0x000001e4       0x2c ./source/mefCRUCE.o
 .ARM.attributes
                0x00000210       0x2c ./source/mefMODO.o
 .ARM.attributes
                0x0000023c       0x2c ./source/mefRUTA.o
 .ARM.attributes
                0x00000268       0x2c ./source/mefSEC.o
 .ARM.attributes
                0x00000294       0x2c ./source/mtb.o
 .ARM.attributes
                0x000002c0       0x2c ./source/semihost_hardfault.o
 .ARM.attributes
                0x000002ec       0x2c ./drivers/fsl_clock.o
 .ARM.attributes
                0x00000318       0x2c ./drivers/fsl_gpio.o
 .ARM.attributes
                0x00000344       0x2c ./drivers/fsl_i2c.o
 .ARM.attributes
                0x00000370       0x2c ./drivers/fsl_lpsci.o
 .ARM.attributes
                0x0000039c       0x2c ./drivers/fsl_uart.o
 .ARM.attributes
                0x000003c8       0x2c ./board/board.o
 .ARM.attributes
                0x000003f4       0x2c ./CMSIS/system_MKL46Z4.o
 .ARM.attributes
                0x00000420       0x2c c:/nxp/mcuxpressoide_11.6.1_8255/ide/plugins/com.nxp.mcuxpresso.tools.win32_11.6.1.202207200623/tools/bin/../lib/gcc/arm-none-eabi/10.3.1/../../../../arm-none-eabi/lib/thumb/v6-m/nofp\libcr_nohost_nf.a(_cr__main.o)
 .ARM.attributes
                0x0000044c       0x2c c:/nxp/mcuxpressoide_11.6.1_8255/ide/plugins/com.nxp.mcuxpresso.tools.win32_11.6.1.202207200623/tools/bin/../lib/gcc/arm-none-eabi/10.3.1/../../../../arm-none-eabi/lib/thumb/v6-m/nofp\libcr_nohost_nf.a(_cr_assert.o)
 .ARM.attributes
                0x00000478       0x2c c:/nxp/mcuxpressoide_11.6.1_8255/ide/plugins/com.nxp.mcuxpresso.tools.win32_11.6.1.202207200623/tools/bin/../lib/gcc/arm-none-eabi/10.3.1/../../../../arm-none-eabi/lib/thumb/v6-m/nofp\libcr_nohost_nf.a(__ciob.o)
 .ARM.attributes
                0x000004a4       0x2c c:/nxp/mcuxpressoide_11.6.1_8255/ide/plugins/com.nxp.mcuxpresso.tools.win32_11.6.1.202207200623/tools/bin/../lib/gcc/arm-none-eabi/10.3.1/../../../../arm-none-eabi/lib/thumb/v6-m/nofp\libcr_nohost_nf.a(__sys_appexit.o)
 .ARM.attributes
                0x000004d0       0x2c c:/nxp/mcuxpressoide_11.6.1_8255/ide/plugins/com.nxp.mcuxpresso.tools.win32_11.6.1.202207200623/tools/bin/../lib/gcc/arm-none-eabi/10.3.1/../../../../arm-none-eabi/lib/thumb/v6-m/nofp\libcr_c.a(memset.o)
 .ARM.attributes
                0x000004fc       0x2c c:/nxp/mcuxpressoide_11.6.1_8255/ide/plugins/com.nxp.mcuxpresso.tools.win32_11.6.1.202207200623/tools/bin/../lib/gcc/arm-none-eabi/10.3.1/../../../../arm-none-eabi/lib/thumb/v6-m/nofp\libcr_c.a(_deferredlazyseek.o)
 .ARM.attributes
                0x00000528       0x2c c:/nxp/mcuxpressoide_11.6.1_8255/ide/plugins/com.nxp.mcuxpresso.tools.win32_11.6.1.202207200623/tools/bin/../lib/gcc/arm-none-eabi/10.3.1/../../../../arm-none-eabi/lib/thumb/v6-m/nofp\libcr_c.a(_fflush.o)
 .ARM.attributes
                0x00000554       0x2c c:/nxp/mcuxpressoide_11.6.1_8255/ide/plugins/com.nxp.mcuxpresso.tools.win32_11.6.1.202207200623/tools/bin/../lib/gcc/arm-none-eabi/10.3.1/../../../../arm-none-eabi/lib/thumb/v6-m/nofp\libcr_c.a(_writebuf.o)
 .ARM.attributes
                0x00000580       0x2c c:/nxp/mcuxpressoide_11.6.1_8255/ide/plugins/com.nxp.mcuxpresso.tools.win32_11.6.1.202207200623/tools/bin/../lib/gcc/arm-none-eabi/10.3.1/../../../../arm-none-eabi/lib/thumb/v6-m/nofp\libcr_c.a(alloc.o)
 .ARM.attributes
                0x000005ac       0x2c c:/nxp/mcuxpressoide_11.6.1_8255/ide/plugins/com.nxp.mcuxpresso.tools.win32_11.6.1.202207200623/tools/bin/../lib/gcc/arm-none-eabi/10.3.1/../../../../arm-none-eabi/lib/thumb/v6-m/nofp\libcr_c.a(fputs.o)
 .ARM.attributes
                0x000005d8       0x2c c:/nxp/mcuxpressoide_11.6.1_8255/ide/plugins/com.nxp.mcuxpresso.tools.win32_11.6.1.202207200623/tools/bin/../lib/gcc/arm-none-eabi/10.3.1/../../../../arm-none-eabi/lib/thumb/v6-m/nofp\libcr_c.a(fseek.o)
 .ARM.attributes
                0x00000604       0x2c c:/nxp/mcuxpressoide_11.6.1_8255/ide/plugins/com.nxp.mcuxpresso.tools.win32_11.6.1.202207200623/tools/bin/../lib/gcc/arm-none-eabi/10.3.1/../../../../arm-none-eabi/lib/thumb/v6-m/nofp\libcr_c.a(ftell.o)
 .ARM.attributes
                0x00000630       0x2c c:/nxp/mcuxpressoide_11.6.1_8255/ide/plugins/com.nxp.mcuxpresso.tools.win32_11.6.1.202207200623/tools/bin/../lib/gcc/arm-none-eabi/10.3.1/../../../../arm-none-eabi/lib/thumb/v6-m/nofp\libcr_c.a(initio.o)
 .ARM.attributes
                0x0000065c       0x2c c:/nxp/mcuxpressoide_11.6.1_8255/ide/plugins/com.nxp.mcuxpresso.tools.win32_11.6.1.202207200623/tools/bin/../lib/gcc/arm-none-eabi/10.3.1/../../../../arm-none-eabi/lib/thumb/v6-m/nofp\libcr_c.a(setvbuf.o)
 .ARM.attributes
                0x00000688       0x2c c:/nxp/mcuxpressoide_11.6.1_8255/ide/plugins/com.nxp.mcuxpresso.tools.win32_11.6.1.202207200623/tools/bin/../lib/gcc/arm-none-eabi/10.3.1/../../../../arm-none-eabi/lib/thumb/v6-m/nofp\libcr_c.a(strlen.o)
 .ARM.attributes
                0x000006b4       0x2c c:/nxp/mcuxpressoide_11.6.1_8255/ide/plugins/com.nxp.mcuxpresso.tools.win32_11.6.1.202207200623/tools/bin/../lib/gcc/arm-none-eabi/10.3.1/../../../../arm-none-eabi/lib/thumb/v6-m/nofp\libcr_c.a(__init_alloc.o)
 .ARM.attributes
                0x000006e0       0x2c c:/nxp/mcuxpressoide_11.6.1_8255/ide/plugins/com.nxp.mcuxpresso.tools.win32_11.6.1.202207200623/tools/bin/../lib/gcc/arm-none-eabi/10.3.1/../../../../arm-none-eabi/lib/thumb/v6-m/nofp\libcr_c.a(_cr_sbrk.o)
 .ARM.attributes
                0x0000070c       0x2c c:/nxp/mcuxpressoide_11.6.1_8255/ide/plugins/com.nxp.mcuxpresso.tools.win32_11.6.1.202207200623/tools/bin/../lib/gcc/arm-none-eabi/10.3.1/../../../../arm-none-eabi/lib/thumb/v6-m/nofp\libcr_c.a(_fdopen.o)
 .ARM.attributes
                0x00000738       0x2c c:/nxp/mcuxpressoide_11.6.1_8255/ide/plugins/com.nxp.mcuxpresso.tools.win32_11.6.1.202207200623/tools/bin/../lib/gcc/arm-none-eabi/10.3.1/../../../../arm-none-eabi/lib/thumb/v6-m/nofp\libcr_c.a(errno.o)
 .ARM.attributes
                0x00000764       0x2c c:/nxp/mcuxpressoide_11.6.1_8255/ide/plugins/com.nxp.mcuxpresso.tools.win32_11.6.1.202207200623/tools/bin/../lib/gcc/arm-none-eabi/10.3.1/../../../../arm-none-eabi/lib/thumb/v6-m/nofp\libcr_c.a(fclose.o)
 .ARM.attributes
                0x00000790       0x2c c:/nxp/mcuxpressoide_11.6.1_8255/ide/plugins/com.nxp.mcuxpresso.tools.win32_11.6.1.202207200623/tools/bin/../lib/gcc/arm-none-eabi/10.3.1/../../../../arm-none-eabi/lib/thumb/v6-m/nofp\libcr_c.a(fflush.o)
 .ARM.attributes
                0x000007bc       0x2c c:/nxp/mcuxpressoide_11.6.1_8255/ide/plugins/com.nxp.mcuxpresso.tools.win32_11.6.1.202207200623/tools/bin/../lib/gcc/arm-none-eabi/10.3.1/../../../../arm-none-eabi/lib/thumb/v6-m/nofp\libcr_c.a(remove.o)
 .ARM.attributes
                0x000007e8       0x2c c:/nxp/mcuxpressoide_11.6.1_8255/ide/plugins/com.nxp.mcuxpresso.tools.win32_11.6.1.202207200623/tools/bin/../lib/gcc/arm-none-eabi/10.3.1/../../../../arm-none-eabi/lib/thumb/v6-m/nofp\libcr_c.a(_cr_check_heap.o)
 .ARM.attributes
                0x00000814       0x2c c:/nxp/mcuxpressoide_11.6.1_8255/ide/plugins/com.nxp.mcuxpresso.tools.win32_11.6.1.202207200623/tools/bin/../lib/gcc/arm-none-eabi/10.3.1/../../../../arm-none-eabi/lib/thumb/v6-m/nofp\libcr_c.a(_do_fflush.o)
 .ARM.attributes
                0x00000840       0x1c c:/nxp/mcuxpressoide_11.6.1_8255/ide/plugins/com.nxp.mcuxpresso.tools.win32_11.6.1.202207200623/tools/bin/../lib/gcc/arm-none-eabi/10.3.1/thumb/v6-m/nofp\libcr_eabihelpers.a(division_32.o)
 .ARM.attributes
                0x0000085c       0x1c c:/nxp/mcuxpressoide_11.6.1_8255/ide/plugins/com.nxp.mcuxpresso.tools.win32_11.6.1.202207200623/tools/bin/../lib/gcc/arm-none-eabi/10.3.1/thumb/v6-m/nofp\libcr_eabihelpers.a(division_idiv0.o)
 .ARM.attributes
                0x00000878       0x1c c:/nxp/mcuxpressoide_11.6.1_8255/ide/plugins/com.nxp.mcuxpresso.tools.win32_11.6.1.202207200623/tools/bin/../lib/gcc/arm-none-eabi/10.3.1/thumb/v6-m/nofp\libcr_eabihelpers.a(memcpy.o)
 .ARM.attributes
                0x00000894       0x2c c:/nxp/mcuxpressoide_11.6.1_8255/ide/plugins/com.nxp.mcuxpresso.tools.win32_11.6.1.202207200623/tools/bin/../lib/gcc/arm-none-eabi/10.3.1/../../../../arm-none-eabi/lib/thumb/v6-m/nofp\libcr_nohost_nf.a(__sys_close.o)
 .ARM.attributes
                0x000008c0       0x2c c:/nxp/mcuxpressoide_11.6.1_8255/ide/plugins/com.nxp.mcuxpresso.tools.win32_11.6.1.202207200623/tools/bin/../lib/gcc/arm-none-eabi/10.3.1/../../../../arm-none-eabi/lib/thumb/v6-m/nofp\libcr_nohost_nf.a(__sys_flen.o)
 .ARM.attributes
                0x000008ec       0x2c c:/nxp/mcuxpressoide_11.6.1_8255/ide/plugins/com.nxp.mcuxpresso.tools.win32_11.6.1.202207200623/tools/bin/../lib/gcc/arm-none-eabi/10.3.1/../../../../arm-none-eabi/lib/thumb/v6-m/nofp\libcr_nohost_nf.a(__sys_istty.o)
 .ARM.attributes
                0x00000918       0x2c c:/nxp/mcuxpressoide_11.6.1_8255/ide/plugins/com.nxp.mcuxpresso.tools.win32_11.6.1.202207200623/tools/bin/../lib/gcc/arm-none-eabi/10.3.1/../../../../arm-none-eabi/lib/thumb/v6-m/nofp\libcr_nohost_nf.a(__sys_remove.o)
 .ARM.attributes
                0x00000944       0x2c c:/nxp/mcuxpressoide_11.6.1_8255/ide/plugins/com.nxp.mcuxpresso.tools.win32_11.6.1.202207200623/tools/bin/../lib/gcc/arm-none-eabi/10.3.1/../../../../arm-none-eabi/lib/thumb/v6-m/nofp\libcr_nohost_nf.a(__sys_seek.o)
 .ARM.attributes
                0x00000970       0x2c c:/nxp/mcuxpressoide_11.6.1_8255/ide/plugins/com.nxp.mcuxpresso.tools.win32_11.6.1.202207200623/tools/bin/../lib/gcc/arm-none-eabi/10.3.1/../../../../arm-none-eabi/lib/thumb/v6-m/nofp\libcr_nohost_nf.a(__sys_tmpnam.o)
 .ARM.attributes
                0x0000099c       0x2c c:/nxp/mcuxpressoide_11.6.1_8255/ide/plugins/com.nxp.mcuxpresso.tools.win32_11.6.1.202207200623/tools/bin/../lib/gcc/arm-none-eabi/10.3.1/../../../../arm-none-eabi/lib/thumb/v6-m/nofp\libcr_nohost_nf.a(__sys_write.o)

.debug_frame    0x00000000     0x1978
 .debug_frame   0x00000000       0xf4 ./utilities/fsl_debug_console.o
 .debug_frame   0x000000f4       0x74 ./utilities/fsl_io.o
 .debug_frame   0x00000168       0xdc ./utilities/fsl_log.o
 .debug_frame   0x00000244      0x3b0 ./startup/startup_mkl46z4.o
 .debug_frame   0x000005f4       0x50 ./source/DETAUTOS.o
 .debug_frame   0x00000644       0x40 ./source/DETPULSADOR.o
 .debug_frame   0x00000684       0x60 ./source/SD2_board.o
 .debug_frame   0x000006e4       0x40 ./source/TP1_DIGITALES 2.o
 .debug_frame   0x00000724       0x40 ./source/TRANSICIONES.o
 .debug_frame   0x00000764       0x48 ./source/key.o
 .debug_frame   0x000007ac       0x60 ./source/mefACUM.o
 .debug_frame   0x0000080c       0x60 ./source/mefCRUCE.o
 .debug_frame   0x0000086c       0x58 ./source/mefMODO.o
 .debug_frame   0x000008c4       0x68 ./source/mefRUTA.o
 .debug_frame   0x0000092c       0x60 ./source/mefSEC.o
 .debug_frame   0x0000098c       0x20 ./source/semihost_hardfault.o
 .debug_frame   0x000009ac      0x4a8 ./drivers/fsl_clock.o
 .debug_frame   0x00000e54       0xd0 ./drivers/fsl_gpio.o
 .debug_frame   0x00000f24      0x3e8 ./drivers/fsl_i2c.o
 .debug_frame   0x0000130c      0x2d8 ./drivers/fsl_lpsci.o
 .debug_frame   0x000015e4      0x318 ./drivers/fsl_uart.o
 .debug_frame   0x000018fc       0x28 ./board/board.o
 .debug_frame   0x00001924       0x54 ./CMSIS/system_MKL46Z4.o

Cross Reference Table

Symbol                                            File
ADC0_DriverIRQHandler                             ./startup/startup_mkl46z4.o
ADC0_IRQHandler                                   ./startup/startup_mkl46z4.o
BOARD_ACCEL_I2C_config                            ./board/peripherals.o
BOARD_ACCEL_I2C_init                              ./board/peripherals.o
BOARD_BootClockRUN                                ./board/clock_config.o
BOARD_BootClockVLPR                               ./board/clock_config.o
BOARD_INT1_init                                   ./board/peripherals.o
BOARD_INT2_init                                   ./board/peripherals.o
BOARD_InitACCEL                                   ./board/pin_mux.o
BOARD_InitACCELPeripheral                         ./board/peripherals.o
BOARD_InitBootClocks                              ./board/clock_config.o
BOARD_InitBootPeripherals                         ./board/peripherals.o
BOARD_InitBootPins                                ./board/pin_mux.o
BOARD_InitButtons                                 ./board/pin_mux.o
BOARD_InitButtonsPeripheral                       ./board/peripherals.o
BOARD_InitDEBUG_UART                              ./board/pin_mux.o
BOARD_InitDEBUG_UARTPeripheral                    ./board/peripherals.o
BOARD_InitDebugConsole                            ./board/board.o
                                                  ./source/TP1_DIGITALES 2.o
BOARD_InitLEDs                                    ./board/pin_mux.o
BOARD_InitLEDsPeripheral                          ./board/peripherals.o
BOARD_InitMAG                                     ./board/pin_mux.o
BOARD_InitMAGPeripheral                           ./board/peripherals.o
BOARD_InitOSC                                     ./board/pin_mux.o
BOARD_InitPeripherals                             ./board/peripherals.o
BOARD_InitPins                                    ./board/pin_mux.o
BOARD_InitSegment_LCD                             ./board/pin_mux.o
BOARD_InitTouch                                   ./board/pin_mux.o
BOARD_InitUSB                                     ./board/pin_mux.o
BOARD_LED_GREEN_init                              ./board/peripherals.o
BOARD_LED_RED_init                                ./board/peripherals.o
BOARD_LPSCI_1_config                              ./board/peripherals.o
BOARD_LPSCI_1_init                                ./board/peripherals.o
BOARD_SW1_SW3_init                                ./board/peripherals.o
CLOCK_BootToBlpeMode                              ./drivers/fsl_clock.o
CLOCK_BootToBlpiMode                              ./drivers/fsl_clock.o
                                                  ./board/clock_config.o
CLOCK_BootToFeeMode                               ./drivers/fsl_clock.o
CLOCK_BootToFeiMode                               ./drivers/fsl_clock.o
                                                  ./board/clock_config.o
CLOCK_BootToPeeMode                               ./drivers/fsl_clock.o
CLOCK_CalcPllDiv                                  ./drivers/fsl_clock.o
CLOCK_ClearStatusFlags                            ./drivers/fsl_clock.o
CLOCK_DeinitOsc0                                  ./drivers/fsl_clock.o
CLOCK_EnablePll0                                  ./drivers/fsl_clock.o
CLOCK_EnableUsbfs0Clock                           ./drivers/fsl_clock.o
CLOCK_ExternalModeToFbeModeQuick                  ./drivers/fsl_clock.o
CLOCK_GetBusClkFreq                               ./drivers/fsl_clock.o
CLOCK_GetCoreSysClkFreq                           ./drivers/fsl_clock.o
CLOCK_GetEr32kClkFreq                             ./drivers/fsl_clock.o
CLOCK_GetFixedFreqClkFreq                         ./drivers/fsl_clock.o
CLOCK_GetFlashClkFreq                             ./drivers/fsl_clock.o
CLOCK_GetFllFreq                                  ./drivers/fsl_clock.o
CLOCK_GetFreq                                     ./drivers/fsl_clock.o
                                                  ./board/peripherals.o
CLOCK_GetInternalRefClkFreq                       ./drivers/fsl_clock.o
CLOCK_GetMode                                     ./drivers/fsl_clock.o
CLOCK_GetOsc0ErClkFreq                            ./drivers/fsl_clock.o
CLOCK_GetOutClkFreq                               ./drivers/fsl_clock.o
CLOCK_GetPlatClkFreq                              ./drivers/fsl_clock.o
CLOCK_GetPll0Freq                                 ./drivers/fsl_clock.o
CLOCK_GetPllFllSelClkFreq                         ./drivers/fsl_clock.o
                                                  ./board/board.o
CLOCK_GetStatusFlags                              ./drivers/fsl_clock.o
CLOCK_InitOsc0                                    ./drivers/fsl_clock.o
CLOCK_InternalModeToFbiModeQuick                  ./drivers/fsl_clock.o
CLOCK_SetBlpeMode                                 ./drivers/fsl_clock.o
CLOCK_SetBlpiMode                                 ./drivers/fsl_clock.o
CLOCK_SetExternalRefClkConfig                     ./drivers/fsl_clock.o
CLOCK_SetFbeMode                                  ./drivers/fsl_clock.o
CLOCK_SetFbiMode                                  ./drivers/fsl_clock.o
CLOCK_SetFeeMode                                  ./drivers/fsl_clock.o
CLOCK_SetFeiMode                                  ./drivers/fsl_clock.o
CLOCK_SetInternalRefClkConfig                     ./drivers/fsl_clock.o
                                                  ./board/clock_config.o
CLOCK_SetMcgConfig                                ./drivers/fsl_clock.o
CLOCK_SetOsc0MonitorMode                          ./drivers/fsl_clock.o
CLOCK_SetPbeMode                                  ./drivers/fsl_clock.o
CLOCK_SetPeeMode                                  ./drivers/fsl_clock.o
CLOCK_SetPll0MonitorMode                          ./drivers/fsl_clock.o
CLOCK_SetSimConfig                                ./drivers/fsl_clock.o
                                                  ./board/clock_config.o
CLOCK_TrimInternalRefClk                          ./drivers/fsl_clock.o
CMP0_DriverIRQHandler                             ./startup/startup_mkl46z4.o
CMP0_IRQHandler                                   ./startup/startup_mkl46z4.o
DAC0_DriverIRQHandler                             ./startup/startup_mkl46z4.o
DAC0_IRQHandler                                   ./startup/startup_mkl46z4.o
DMA0_DriverIRQHandler                             ./startup/startup_mkl46z4.o
DMA0_IRQHandler                                   ./startup/startup_mkl46z4.o
DMA1_DriverIRQHandler                             ./startup/startup_mkl46z4.o
DMA1_IRQHandler                                   ./startup/startup_mkl46z4.o
DMA2_DriverIRQHandler                             ./startup/startup_mkl46z4.o
DMA2_IRQHandler                                   ./startup/startup_mkl46z4.o
DMA3_DriverIRQHandler                             ./startup/startup_mkl46z4.o
DMA3_IRQHandler                                   ./startup/startup_mkl46z4.o
DbgConsole_Deinit                                 ./utilities/fsl_debug_console.o
DbgConsole_Flush                                  ./utilities/fsl_debug_console.o
DbgConsole_Getchar                                ./utilities/fsl_debug_console.o
DbgConsole_Init                                   ./utilities/fsl_debug_console.o
                                                  ./board/board.o
DbgConsole_Printf                                 ./utilities/fsl_debug_console.o
DbgConsole_Putchar                                ./utilities/fsl_debug_console.o
DbgConsole_Scanf                                  ./utilities/fsl_debug_console.o
FGPIO_PinInit                                     ./drivers/fsl_gpio.o
FGPIO_PortClearInterruptFlags                     ./drivers/fsl_gpio.o
FGPIO_PortGetInterruptFlags                       ./drivers/fsl_gpio.o
FLASH_Erase                                       ./drivers/fsl_ftfx_flash.o
FLASH_EraseAll                                    ./drivers/fsl_ftfx_flash.o
FLASH_GetProperty                                 ./drivers/fsl_ftfx_flash.o
FLASH_GetSecurityState                            ./drivers/fsl_ftfx_flash.o
FLASH_Init                                        ./drivers/fsl_ftfx_flash.o
FLASH_IsExecuteOnly                               ./drivers/fsl_ftfx_flash.o
FLASH_IsProtected                                 ./drivers/fsl_ftfx_flash.o
FLASH_PflashGetProtection                         ./drivers/fsl_ftfx_flash.o
FLASH_PflashSetProtection                         ./drivers/fsl_ftfx_flash.o
FLASH_Program                                     ./drivers/fsl_ftfx_flash.o
FLASH_ReadResource                                ./drivers/fsl_ftfx_flash.o
FLASH_SecurityBypass                              ./drivers/fsl_ftfx_flash.o
FLASH_VerifyErase                                 ./drivers/fsl_ftfx_flash.o
FLASH_VerifyEraseAll                              ./drivers/fsl_ftfx_flash.o
FLASH_VerifyProgram                               ./drivers/fsl_ftfx_flash.o
FTFA_DriverIRQHandler                             ./startup/startup_mkl46z4.o
FTFA_IRQHandler                                   ./startup/startup_mkl46z4.o
FTFx_API_Init                                     ./drivers/fsl_ftfx_controller.o
                                                  ./drivers/fsl_ftfx_flash.o
FTFx_CACHE_ClearCachePrefetchSpeculation          ./drivers/fsl_ftfx_cache.o
FTFx_CACHE_Init                                   ./drivers/fsl_ftfx_cache.o
FTFx_CACHE_PflashGetPrefetchSpeculation           ./drivers/fsl_ftfx_cache.o
FTFx_CACHE_PflashSetPrefetchSpeculation           ./drivers/fsl_ftfx_cache.o
                                                  ./drivers/fsl_smc.o
FTFx_CMD_Erase                                    ./drivers/fsl_ftfx_controller.o
                                                  ./drivers/fsl_ftfx_flash.o
FTFx_CMD_EraseAll                                 ./drivers/fsl_ftfx_controller.o
                                                  ./drivers/fsl_ftfx_flash.o
FTFx_CMD_EraseAllExecuteOnlySegments              ./drivers/fsl_ftfx_controller.o
FTFx_CMD_Program                                  ./drivers/fsl_ftfx_controller.o
                                                  ./drivers/fsl_ftfx_flash.o
FTFx_CMD_ProgramOnce                              ./drivers/fsl_ftfx_controller.o
FTFx_CMD_ReadOnce                                 ./drivers/fsl_ftfx_controller.o
FTFx_CMD_ReadResource                             ./drivers/fsl_ftfx_controller.o
                                                  ./drivers/fsl_ftfx_flash.o
FTFx_CMD_SecurityBypass                           ./drivers/fsl_ftfx_controller.o
                                                  ./drivers/fsl_ftfx_flash.o
FTFx_CMD_VerifyErase                              ./drivers/fsl_ftfx_controller.o
                                                  ./drivers/fsl_ftfx_flash.o
FTFx_CMD_VerifyEraseAll                           ./drivers/fsl_ftfx_controller.o
                                                  ./drivers/fsl_ftfx_flash.o
FTFx_CMD_VerifyEraseAllExecuteOnlySegments        ./drivers/fsl_ftfx_controller.o
FTFx_CMD_VerifyProgram                            ./drivers/fsl_ftfx_controller.o
                                                  ./drivers/fsl_ftfx_flash.o
FTFx_REG_GetSecurityState                         ./drivers/fsl_ftfx_controller.o
                                                  ./drivers/fsl_ftfx_flash.o
Flash_Config                                      ./startup/startup_mkl46z4.o
GPIO_PinInit                                      ./drivers/fsl_gpio.o
                                                  ./board/pin_mux.o
                                                  ./source/SD2_board.o
GPIO_PortClearInterruptFlags                      ./drivers/fsl_gpio.o
GPIO_PortGetInterruptFlags                        ./drivers/fsl_gpio.o
HardFault_Handler                                 ./source/semihost_hardfault.o
                                                  ./startup/startup_mkl46z4.o
I2C0_DriverIRQHandler                             ./drivers/fsl_i2c.o
                                                  ./startup/startup_mkl46z4.o
I2C0_IRQHandler                                   ./startup/startup_mkl46z4.o
I2C1_DriverIRQHandler                             ./drivers/fsl_i2c.o
                                                  ./startup/startup_mkl46z4.o
I2C1_IRQHandler                                   ./startup/startup_mkl46z4.o
I2C_DisableInterrupts                             ./drivers/fsl_i2c.o
I2C_EnableInterrupts                              ./drivers/fsl_i2c.o
I2C_GetInstance                                   ./drivers/fsl_i2c.o
I2C_MasterDeinit                                  ./drivers/fsl_i2c.o
I2C_MasterGetDefaultConfig                        ./drivers/fsl_i2c.o
I2C_MasterGetStatusFlags                          ./drivers/fsl_i2c.o
I2C_MasterInit                                    ./drivers/fsl_i2c.o
                                                  ./board/peripherals.o
I2C_MasterReadBlocking                            ./drivers/fsl_i2c.o
I2C_MasterRepeatedStart                           ./drivers/fsl_i2c.o
I2C_MasterSetBaudRate                             ./drivers/fsl_i2c.o
I2C_MasterStart                                   ./drivers/fsl_i2c.o
I2C_MasterStop                                    ./drivers/fsl_i2c.o
I2C_MasterTransferAbort                           ./drivers/fsl_i2c.o
I2C_MasterTransferBlocking                        ./drivers/fsl_i2c.o
I2C_MasterTransferCreateHandle                    ./drivers/fsl_i2c.o
I2C_MasterTransferGetCount                        ./drivers/fsl_i2c.o
I2C_MasterTransferHandleIRQ                       ./drivers/fsl_i2c.o
I2C_MasterTransferNonBlocking                     ./drivers/fsl_i2c.o
I2C_MasterWriteBlocking                           ./drivers/fsl_i2c.o
I2C_SlaveDeinit                                   ./drivers/fsl_i2c.o
I2C_SlaveGetDefaultConfig                         ./drivers/fsl_i2c.o
I2C_SlaveInit                                     ./drivers/fsl_i2c.o
I2C_SlaveReadBlocking                             ./drivers/fsl_i2c.o
I2C_SlaveTransferAbort                            ./drivers/fsl_i2c.o
I2C_SlaveTransferCreateHandle                     ./drivers/fsl_i2c.o
I2C_SlaveTransferGetCount                         ./drivers/fsl_i2c.o
I2C_SlaveTransferHandleIRQ                        ./drivers/fsl_i2c.o
I2C_SlaveTransferNonBlocking                      ./drivers/fsl_i2c.o
I2C_SlaveWriteBlocking                            ./drivers/fsl_i2c.o
I2S0_DriverIRQHandler                             ./startup/startup_mkl46z4.o
I2S0_IRQHandler                                   ./startup/startup_mkl46z4.o
INT2_init                                         ./board/peripherals.o
IO_Deinit                                         ./utilities/fsl_io.o
                                                  ./utilities/fsl_log.o
IO_Init                                           ./utilities/fsl_io.o
                                                  ./utilities/fsl_log.o
IO_Transfer                                       ./utilities/fsl_io.o
                                                  ./utilities/fsl_log.o
IO_WaitIdle                                       ./utilities/fsl_io.o
                                                  ./utilities/fsl_log.o
IntDefaultHandler                                 ./startup/startup_mkl46z4.o
LCD_DriverIRQHandler                              ./startup/startup_mkl46z4.o
LCD_IRQHandler                                    ./startup/startup_mkl46z4.o
LLWU_DriverIRQHandler                             ./startup/startup_mkl46z4.o
LLWU_IRQHandler                                   ./startup/startup_mkl46z4.o
LOG_Deinit                                        ./utilities/fsl_log.o
                                                  ./utilities/fsl_debug_console.o
LOG_Init                                          ./utilities/fsl_log.o
                                                  ./utilities/fsl_debug_console.o
LOG_Pop                                           ./utilities/fsl_log.o
LOG_Push                                          ./utilities/fsl_log.o
                                                  ./utilities/fsl_debug_console.o
LOG_ReadCharacter                                 ./utilities/fsl_log.o
                                                  ./utilities/fsl_debug_console.o
LOG_ReadLine                                      ./utilities/fsl_log.o
                                                  ./utilities/fsl_debug_console.o
LOG_WaitIdle                                      ./utilities/fsl_log.o
                                                  ./utilities/fsl_debug_console.o
LPSCI_ClearStatusFlags                            ./drivers/fsl_lpsci.o
LPSCI_Deinit                                      ./drivers/fsl_lpsci.o
                                                  ./utilities/fsl_io.o
LPSCI_DisableInterrupts                           ./drivers/fsl_lpsci.o
LPSCI_EnableInterrupts                            ./drivers/fsl_lpsci.o
LPSCI_GetDefaultConfig                            ./drivers/fsl_lpsci.o
                                                  ./utilities/fsl_io.o
LPSCI_GetEnabledInterrupts                        ./drivers/fsl_lpsci.o
LPSCI_GetInstance                                 ./drivers/fsl_lpsci.o
LPSCI_GetStatusFlags                              ./drivers/fsl_lpsci.o
                                                  ./utilities/fsl_io.o
LPSCI_Init                                        ./drivers/fsl_lpsci.o
                                                  ./board/peripherals.o
                                                  ./utilities/fsl_io.o
LPSCI_ReadBlocking                                ./drivers/fsl_lpsci.o
                                                  ./utilities/fsl_io.o
LPSCI_SetBaudRate                                 ./drivers/fsl_lpsci.o
LPSCI_TransferAbortReceive                        ./drivers/fsl_lpsci.o
LPSCI_TransferAbortSend                           ./drivers/fsl_lpsci.o