../drivers/fsl_lpsci.c:178:13:LPSCI_ReadNonBlocking	8	static
../drivers/fsl_lpsci.c:192:13:LPSCI_WriteNonBlocking	8	static
../drivers/fsl_lpsci.c:124:10:LPSCI_GetInstance	8	static
../drivers/fsl_lpsci.c:142:8:LPSCI_TransferGetRxRingBufferLength	8	static
../drivers/fsl_lpsci.c:160:13:LPSCI_TransferIsRxRingBufferFull	8	static
../drivers/fsl_lpsci.c:206:10:LPSCI_Init	48	static
../drivers/fsl_lpsci.c:321:6:LPSCI_Deinit	8	static
../drivers/fsl_lpsci.c:334:6:LPSCI_GetDefaultConfig	8	static
../drivers/fsl_lpsci.c:346:10:LPSCI_SetBaudRate	48	static
../drivers/fsl_lpsci.c:427:6:LPSCI_EnableInterrupts	0	static
../drivers/fsl_lpsci.c:438:6:LPSCI_DisableInterrupts	0	static
../drivers/fsl_lpsci.c:449:10:LPSCI_GetEnabledInterrupts	0	static
../drivers/fsl_lpsci.c:457:10:LPSCI_GetStatusFlags	0	static
../drivers/fsl_lpsci.c:469:10:LPSCI_ClearStatusFlags	8	static
../drivers/fsl_lpsci.c:860:6:LPSCI_TransferHandleIRQ	24	static
../drivers/fsl_lpsci.c:515:6:LPSCI_WriteBlocking	8	static
../drivers/fsl_lpsci.c:530:10:LPSCI_ReadBlocking	16	static
../drivers/fsl_lpsci.c:572:6:LPSCI_TransferCreateHandle	24	static
../drivers/fsl_lpsci.c:604:6:LPSCI_TransferStartRingBuffer	8	static
../drivers/fsl_lpsci.c:625:6:LPSCI_TransferStopRingBuffer	16	static
../drivers/fsl_lpsci.c:647:10:LPSCI_TransferSendNonBlocking	8	static
../drivers/fsl_lpsci.c:677:6:LPSCI_TransferAbortSend	8	static
../drivers/fsl_lpsci.c:687:10:LPSCI_TransferGetSendCount	8	static
../drivers/fsl_lpsci.c:702:10:LPSCI_TransferReceiveNonBlocking	32	static
../drivers/fsl_lpsci.c:824:6:LPSCI_TransferAbortReceive	16	static
../drivers/fsl_lpsci.c:845:10:LPSCI_TransferGetReceiveCount	8	static
../drivers/fsl_lpsci.c:1110:6:LPSCI_TransferHandleErrorIRQ	0	static
../drivers/fsl_lpsci.c:1116:6:UART0_DriverIRQHandler	8	static
