../drivers/fsl_clock.c:215:13:CLOCK_FllStableDelay	8	static
../drivers/fsl_clock.c:294:17:CLOCK_GetInternalRefClkSelectFreq	0	static
../drivers/fsl_clock.c:328:16:CLOCK_GetOscRangeFromFreq	0	static
../drivers/fsl_clock.c:235:17:CLOCK_GetMcgExtClkFreq	8	static
../drivers/fsl_clock.c:242:17:CLOCK_GetFllExtRefClkFreq	8	static
../drivers/fsl_clock.c:308:17:CLOCK_GetFllRefClkFreq	8	static
../drivers/fsl_clock.c:322:17:CLOCK_GetPll0RefFreq	8	static
../drivers/fsl_clock.c:348:10:CLOCK_GetOsc0ErClkFreq	8	static
../drivers/fsl_clock.c:362:10:CLOCK_GetEr32kClkFreq	8	static
../drivers/fsl_clock.c:483:6:CLOCK_SetSimConfig	12	static
../drivers/fsl_clock.c:490:6:CLOCK_EnableUsbfs0Clock	12	static
../drivers/fsl_clock.c:541:10:CLOCK_GetFllFreq	8	static
../drivers/fsl_clock.c:567:10:CLOCK_GetInternalRefClkFreq	8	static
../drivers/fsl_clock.c:593:10:CLOCK_GetPll0Freq	16	static
../drivers/fsl_clock.c:386:10:CLOCK_GetPllFllSelClkFreq	8	static
../drivers/fsl_clock.c:515:10:CLOCK_GetOutClkFreq	8	static
../drivers/fsl_clock.c:407:10:CLOCK_GetPlatClkFreq	8	static
../drivers/fsl_clock.c:412:10:CLOCK_GetFlashClkFreq	16	static
../drivers/fsl_clock.c:422:10:CLOCK_GetBusClkFreq	16	static
../drivers/fsl_clock.c:432:10:CLOCK_GetCoreSysClkFreq	8	static
../drivers/fsl_clock.c:578:10:CLOCK_GetFixedFreqClkFreq	8	static
../drivers/fsl_clock.c:437:10:CLOCK_GetFreq	16	static
../drivers/fsl_clock.c:617:10:CLOCK_SetExternalRefClkConfig	0	static
../drivers/fsl_clock.c:625:10:CLOCK_SetInternalRefClkConfig	16	static
../drivers/fsl_clock.c:673:10:CLOCK_CalcPllDiv	48	static
../drivers/fsl_clock.c:770:6:CLOCK_EnablePll0	8	static
../drivers/fsl_clock.c:790:6:CLOCK_SetOsc0MonitorMode	0	static
../drivers/fsl_clock.c:813:6:CLOCK_SetPll0MonitorMode	0	static
../drivers/fsl_clock.c:841:10:CLOCK_GetStatusFlags	0	static
../drivers/fsl_clock.c:865:6:CLOCK_ClearStatusFlags	0	static
../drivers/fsl_clock.c:877:6:CLOCK_InitOsc0	16	static
../drivers/fsl_clock.c:895:6:CLOCK_DeinitOsc0	0	static
../drivers/fsl_clock.c:901:10:CLOCK_TrimInternalRefClk	24	static
../drivers/fsl_clock.c:977:12:CLOCK_GetMode	8	static
../drivers/fsl_clock.c:1077:10:CLOCK_SetFeiMode	24	static
../drivers/fsl_clock.c:1137:10:CLOCK_SetFeeMode	24	static
../drivers/fsl_clock.c:1214:10:CLOCK_SetFbiMode	24	static
../drivers/fsl_clock.c:1278:10:CLOCK_SetFbeMode	16	static
../drivers/fsl_clock.c:1360:10:CLOCK_SetBlpiMode	0	static
../drivers/fsl_clock.c:1375:10:CLOCK_SetBlpeMode	0	static
../drivers/fsl_clock.c:1390:10:CLOCK_SetPbeMode	8	static
../drivers/fsl_clock.c:1431:10:CLOCK_SetPeeMode	0	static
../drivers/fsl_clock.c:1452:10:CLOCK_ExternalModeToFbeModeQuick	0	static
../drivers/fsl_clock.c:1478:10:CLOCK_InternalModeToFbiModeQuick	0	static
../drivers/fsl_clock.c:1498:10:CLOCK_BootToFeiMode	8	static
../drivers/fsl_clock.c:1503:10:CLOCK_BootToFeeMode	8	static
../drivers/fsl_clock.c:1511:10:CLOCK_BootToBlpiMode	8	static
../drivers/fsl_clock.c:1528:10:CLOCK_BootToBlpeMode	0	static
../drivers/fsl_clock.c:1559:10:CLOCK_BootToPeeMode	8	static
../drivers/fsl_clock.c:1605:10:CLOCK_SetMcgConfig	16	static
