../drivers/fsl_ftfx_controller.c:1116:17:ftfx_init_ifr	0	static
../drivers/fsl_ftfx_controller.c:1186:17:ftfx_command_sequence	8	static
../drivers/fsl_ftfx_controller.c:1242:17:ftfx_check_mem_range	0	static
../drivers/fsl_ftfx_controller.c:1269:17:ftfx_check_user_key	0	static
../drivers/fsl_ftfx_controller.c:1281:17:ftfx_read_word_from_byte_address	8	static
../drivers/fsl_ftfx_controller.c:1302:13:ftfx_write_word_to_byte_address	8	static
../drivers/fsl_ftfx_controller.c:1320:17:ftfx_check_resource_range	8	static
../drivers/fsl_ftfx_controller.c:1168:13:ftfx_copy_run_command_to_ram	8	static
../drivers/fsl_ftfx_controller.c:239:10:FTFx_API_Init	8	static
../drivers/fsl_ftfx_controller.c:311:10:FTFx_CMD_Erase	24	static
../drivers/fsl_ftfx_controller.c:374:10:FTFx_CMD_EraseAll	8	static
../drivers/fsl_ftfx_controller.c:444:10:FTFx_CMD_EraseAllExecuteOnlySegments	8	static
../drivers/fsl_ftfx_controller.c:470:10:FTFx_CMD_Program	32	static
../drivers/fsl_ftfx_controller.c:533:10:FTFx_CMD_ProgramOnce	24	static
../drivers/fsl_ftfx_controller.c:729:10:FTFx_CMD_ReadOnce	32	static
../drivers/fsl_ftfx_controller.c:771:10:FTFx_CMD_ReadResource	40	static
../drivers/fsl_ftfx_controller.c:835:10:FTFx_CMD_VerifyErase	48	static
../drivers/fsl_ftfx_controller.c:894:10:FTFx_CMD_VerifyEraseAll	8	static
../drivers/fsl_ftfx_controller.c:908:10:FTFx_CMD_VerifyEraseAllExecuteOnlySegments	8	static
../drivers/fsl_ftfx_controller.c:922:10:FTFx_CMD_VerifyProgram	32	static
../drivers/fsl_ftfx_controller.c:977:10:FTFx_CMD_SecurityBypass	8	static
../drivers/fsl_ftfx_controller.c:1009:10:FTFx_REG_GetSecurityState	0	static
