../drivers/fsl_i2c.c:189:13:I2C_SetHoldTime	48	static
../drivers/fsl_i2c.c:303:17:I2C_CheckAndClearError	0	static
../drivers/fsl_i2c.c:489:13:I2C_TransferCommonIRQHandler	8	static
../drivers/fsl_i2c.c:171:10:I2C_GetInstance	8	static
../drivers/fsl_i2c.c:565:6:I2C_MasterDeinit	8	static
../drivers/fsl_i2c.c:576:6:I2C_MasterGetDefaultConfig	8	static
../drivers/fsl_i2c.c:600:6:I2C_EnableInterrupts	0	static
../drivers/fsl_i2c.c:640:6:I2C_DisableInterrupts	0	static
../drivers/fsl_i2c.c:662:6:I2C_MasterSetBaudRate	48	static
../drivers/fsl_i2c.c:503:6:I2C_MasterInit	24	static
../drivers/fsl_i2c.c:794:10:I2C_MasterStop	0	static
../drivers/fsl_i2c.c:822:10:I2C_MasterGetStatusFlags	0	static
../drivers/fsl_i2c.c:704:10:I2C_MasterStart	16	static
../drivers/fsl_i2c.c:742:10:I2C_MasterRepeatedStart	24	static
../drivers/fsl_i2c.c:326:17:I2C_MasterTransferRunStateMachine	32	static
../drivers/fsl_i2c.c:1360:6:I2C_MasterTransferHandleIRQ	32	static
../drivers/fsl_i2c.c:237:17:I2C_InitTransferStateMachine	24	static
../drivers/fsl_i2c.c:1738:6:I2C_SlaveTransferHandleIRQ	32	static
../drivers/fsl_i2c.c:845:10:I2C_MasterWriteBlocking	24	static
../drivers/fsl_i2c.c:931:10:I2C_MasterReadBlocking	32	static
../drivers/fsl_i2c.c:1021:10:I2C_MasterTransferBlocking	16	static
../drivers/fsl_i2c.c:1220:6:I2C_MasterTransferCreateHandle	24	static
../drivers/fsl_i2c.c:1246:10:I2C_MasterTransferNonBlocking	16	static
../drivers/fsl_i2c.c:1273:10:I2C_MasterTransferAbort	24	static
../drivers/fsl_i2c.c:1346:10:I2C_MasterTransferGetCount	8	static
../drivers/fsl_i2c.c:1404:6:I2C_SlaveInit	16	static
../drivers/fsl_i2c.c:1466:6:I2C_SlaveDeinit	8	static
../drivers/fsl_i2c.c:1477:6:I2C_SlaveGetDefaultConfig	8	static
../drivers/fsl_i2c.c:1505:10:I2C_SlaveWriteBlocking	24	static
../drivers/fsl_i2c.c:1554:10:I2C_SlaveReadBlocking	16	static
../drivers/fsl_i2c.c:1640:6:I2C_SlaveTransferCreateHandle	24	static
../drivers/fsl_i2c.c:1666:10:I2C_SlaveTransferNonBlocking	16	static
../drivers/fsl_i2c.c:1699:6:I2C_SlaveTransferAbort	8	static
../drivers/fsl_i2c.c:1716:10:I2C_SlaveTransferGetCount	8	static
../drivers/fsl_i2c.c:1980:6:I2C0_DriverIRQHandler	8	static
../drivers/fsl_i2c.c:1987:6:I2C1_DriverIRQHandler	8	static
