../drivers/fsl_smc.c:58:6:SMC_PreEnterStopModes	16	static
../drivers/fsl_smc.c:83:6:SMC_PostExitStopModes	16	static
../drivers/fsl_smc.c:103:6:SMC_PreEnterWaitModes	0	static
../drivers/fsl_smc.c:109:6:SMC_PostExitWaitModes	0	static
../drivers/fsl_smc.c:115:10:SMC_SetPowerModeRun	0	static
../drivers/fsl_smc.c:143:10:SMC_SetPowerModeWait	0	static
../drivers/fsl_smc.c:154:10:SMC_SetPowerModeStop	0	static
../drivers/fsl_smc.c:192:10:SMC_SetPowerModeVlpr	0	static
../drivers/fsl_smc.c:224:10:SMC_SetPowerModeVlpw	0	static
../drivers/fsl_smc.c:236:10:SMC_SetPowerModeVlps	0	static
../drivers/fsl_smc.c:267:10:SMC_SetPowerModeLls	0	static
../drivers/fsl_smc.c:324:10:SMC_SetPowerModeVlls	8	static
