../drivers/fsl_uart.c:631:13:UART_ReadNonBlocking	8	static
../drivers/fsl_uart.c:575:13:UART_WriteNonBlocking	8	static
../drivers/fsl_uart.c:147:10:UART_GetInstance	8	static
../drivers/fsl_uart.c:166:8:UART_TransferGetRxRingBufferLength	8	static
../drivers/fsl_uart.c:184:13:UART_TransferIsRxRingBufferFull	8	static
../drivers/fsl_uart.c:202:10:UART_Init	32	static
../drivers/fsl_uart.c:339:6:UART_Deinit	8	static
../drivers/fsl_uart.c:361:6:UART_GetDefaultConfig	8	static
../drivers/fsl_uart.c:383:10:UART_SetBaudRate	24	static
../drivers/fsl_uart.c:451:6:UART_EnableInterrupts	0	static
../drivers/fsl_uart.c:466:6:UART_DisableInterrupts	0	static
../drivers/fsl_uart.c:936:6:UART_TransferHandleIRQ	24	static
../drivers/fsl_uart.c:481:10:UART_GetEnabledInterrupts	0	static
../drivers/fsl_uart.c:494:10:UART_GetStatusFlags	0	static
../drivers/fsl_uart.c:511:10:UART_ClearStatusFlags	8	static
../drivers/fsl_uart.c:562:6:UART_WriteBlocking	8	static
../drivers/fsl_uart.c:589:10:UART_ReadBlocking	16	static
../drivers/fsl_uart.c:645:6:UART_TransferCreateHandle	24	static
../drivers/fsl_uart.c:676:6:UART_TransferStartRingBuffer	8	static
../drivers/fsl_uart.c:697:6:UART_TransferStopRingBuffer	16	static
../drivers/fsl_uart.c:718:10:UART_TransferSendNonBlocking	8	static
../drivers/fsl_uart.c:748:6:UART_TransferAbortSend	8	static
../drivers/fsl_uart.c:758:10:UART_TransferGetSendCount	8	static
../drivers/fsl_uart.c:773:10:UART_TransferReceiveNonBlocking	32	static
../drivers/fsl_uart.c:895:6:UART_TransferAbortReceive	16	static
../drivers/fsl_uart.c:916:10:UART_TransferGetReceiveCount	8	static
../drivers/fsl_uart.c:1218:6:UART_TransferHandleErrorIRQ	0	static
../drivers/fsl_uart.c:1249:6:UART1_DriverIRQHandler	8	static
../drivers/fsl_uart.c:1259:6:UART1_RX_TX_DriverIRQHandler	8	static
../drivers/fsl_uart.c:1271:6:UART2_DriverIRQHandler	8	static
../drivers/fsl_uart.c:1281:6:UART2_RX_TX_DriverIRQHandler	8	static
