../board/pin_mux.c:186:6:BOARD_InitPins	0	static
../board/pin_mux.c:212:6:BOARD_InitACCEL	16	static
../board/pin_mux.c:307:6:BOARD_InitDEBUG_UART	0	static
../board/pin_mux.c:164:6:BOARD_InitBootPins	8	static
../board/pin_mux.c:372:6:BOARD_InitButtons	24	static
../board/pin_mux.c:438:6:BOARD_InitLEDs	16	static
../board/pin_mux.c:506:6:BOARD_InitTouch	0	static
../board/pin_mux.c:558:6:BOARD_InitUSB	0	static
../board/pin_mux.c:590:6:BOARD_InitSegment_LCD	0	static
../board/pin_mux.c:776:6:BOARD_InitOSC	0	static
../board/pin_mux.c:808:6:BOARD_InitMAG	16	static
